Archive member included because of file (symbol)

C:/Users/Martina M/Documents/HSLU_PREN Projekt Beispiele/Freescale/CW MCU v10.6/MCU/ARM_GCC_Support/ewl/lib/armv6-m\libc.a(exit.o)
                              ./Project_Settings/Startup_Code/__arm_start.o (exit)
C:/Users/Martina M/Documents/HSLU_PREN Projekt Beispiele/Freescale/CW MCU v10.6/MCU/ARM_GCC_Support/ewl/lib/armv6-m\libc.a(memset.o)
                              ./Project_Settings/Startup_Code/__arm_start.o (memset)
C:/Users/Martina M/Documents/HSLU_PREN Projekt Beispiele/Freescale/CW MCU v10.6/MCU/ARM_GCC_Support/ewl/lib/armv6-m\libc.a(printformat_.o)
                              (__pformatter_)
C:/Users/Martina M/Documents/HSLU_PREN Projekt Beispiele/Freescale/CW MCU v10.6/MCU/ARM_GCC_Support/ewl/lib/armv6-m\libc.a(scanformat_.o)
                              (__sformatter)
C:/Users/Martina M/Documents/HSLU_PREN Projekt Beispiele/Freescale/CW MCU v10.6/MCU/ARM_GCC_Support/ewl/lib/armv6-m\libc.a(ctype_aeabi.o)
                              C:/Users/Martina M/Documents/HSLU_PREN Projekt Beispiele/Freescale/CW MCU v10.6/MCU/ARM_GCC_Support/ewl/lib/armv6-m\libc.a(scanformat_.o) (isspace)
C:/Users/Martina M/Documents/HSLU_PREN Projekt Beispiele/Freescale/CW MCU v10.6/MCU/ARM_GCC_Support/ewl/lib/armv6-m\libc.a(__strtoul.o)
                              C:/Users/Martina M/Documents/HSLU_PREN Projekt Beispiele/Freescale/CW MCU v10.6/MCU/ARM_GCC_Support/ewl/lib/armv6-m\libc.a(scanformat_.o) (__strtoul)
C:/Users/Martina M/Documents/HSLU_PREN Projekt Beispiele/Freescale/CW MCU v10.6/MCU/ARM_GCC_Support/ewl/lib/armv6-m\libc.a(__filll_mem.o)
                              C:/Users/Martina M/Documents/HSLU_PREN Projekt Beispiele/Freescale/CW MCU v10.6/MCU/ARM_GCC_Support/ewl/lib/armv6-m\libc.a(memset.o) (__fill_mem)
C:/Users/Martina M/Documents/HSLU_PREN Projekt Beispiele/Freescale/CW MCU v10.6/MCU/ARM_GCC_Support/ewl/lib/armv6-m\libc.a(memchr.o)
                              C:/Users/Martina M/Documents/HSLU_PREN Projekt Beispiele/Freescale/CW MCU v10.6/MCU/ARM_GCC_Support/ewl/lib/armv6-m\libc.a(printformat_.o) (memchr)
C:/Users/Martina M/Documents/HSLU_PREN Projekt Beispiele/Freescale/CW MCU v10.6/MCU/ARM_GCC_Support/ewl/lib/armv6-m\libc.a(memcpy.o)
                              C:/Users/Martina M/Documents/HSLU_PREN Projekt Beispiele/Freescale/CW MCU v10.6/MCU/ARM_GCC_Support/ewl/lib/armv6-m\libc.a(scanformat_.o) (memcpy)
C:/Users/Martina M/Documents/HSLU_PREN Projekt Beispiele/Freescale/CW MCU v10.6/MCU/ARM_GCC_Support/ewl/lib/armv6-m\libc.a(strchr.o)
                              C:/Users/Martina M/Documents/HSLU_PREN Projekt Beispiele/Freescale/CW MCU v10.6/MCU/ARM_GCC_Support/ewl/lib/armv6-m\libc.a(printformat_.o) (strchr)
C:/Users/Martina M/Documents/HSLU_PREN Projekt Beispiele/Freescale/CW MCU v10.6/MCU/ARM_GCC_Support/ewl/lib/armv6-m\libc.a(strlen.o)
                              C:/Users/Martina M/Documents/HSLU_PREN Projekt Beispiele/Freescale/CW MCU v10.6/MCU/ARM_GCC_Support/ewl/lib/armv6-m\libc.a(printformat_.o) (strlen)
c:/users/martina m/documents/hslu_pren projekt beispiele/freescale/cw mcu v10.6/cross_tools/arm-none-eabi-gcc-4_7_3/bin/../lib/gcc/arm-none-eabi/4.7.3/armv6-m\libgcc.a(_thumb1_case_sqi.o)
                              C:/Users/Martina M/Documents/HSLU_PREN Projekt Beispiele/Freescale/CW MCU v10.6/MCU/ARM_GCC_Support/ewl/lib/armv6-m\libc.a(__strtoul.o) (__gnu_thumb1_case_sqi)
c:/users/martina m/documents/hslu_pren projekt beispiele/freescale/cw mcu v10.6/cross_tools/arm-none-eabi-gcc-4_7_3/bin/../lib/gcc/arm-none-eabi/4.7.3/armv6-m\libgcc.a(_thumb1_case_uqi.o)
                              C:/Users/Martina M/Documents/HSLU_PREN Projekt Beispiele/Freescale/CW MCU v10.6/MCU/ARM_GCC_Support/ewl/lib/armv6-m\libc.a(scanformat_.o) (__gnu_thumb1_case_uqi)
c:/users/martina m/documents/hslu_pren projekt beispiele/freescale/cw mcu v10.6/cross_tools/arm-none-eabi-gcc-4_7_3/bin/../lib/gcc/arm-none-eabi/4.7.3/armv6-m\libgcc.a(_udivsi3.o)
                              C:/Users/Martina M/Documents/HSLU_PREN Projekt Beispiele/Freescale/CW MCU v10.6/MCU/ARM_GCC_Support/ewl/lib/armv6-m\libc.a(printformat_.o) (__aeabi_uidiv)
c:/users/martina m/documents/hslu_pren projekt beispiele/freescale/cw mcu v10.6/cross_tools/arm-none-eabi-gcc-4_7_3/bin/../lib/gcc/arm-none-eabi/4.7.3/armv6-m\libgcc.a(_dvmd_tls.o)
                              c:/users/martina m/documents/hslu_pren projekt beispiele/freescale/cw mcu v10.6/cross_tools/arm-none-eabi-gcc-4_7_3/bin/../lib/gcc/arm-none-eabi/4.7.3/armv6-m\libgcc.a(_udivsi3.o) (__aeabi_idiv0)
C:/Users/Martina M/Documents/HSLU_PREN Projekt Beispiele/Freescale/CW MCU v10.6/MCU/ARM_GCC_Support/ewl/lib/armv6-m\librt.a(gcc_ctor_dtor.o)
                              ./Project_Settings/Startup_Code/__arm_start.o (__init_cpp)
C:/Users/Martina M/Documents/HSLU_PREN Projekt Beispiele/Freescale/CW MCU v10.6/MCU/ARM_GCC_Support/ewl/lib/armv6-m\librt.a(ROMCopy.o)
                              ./Project_Settings/Startup_Code/__arm_start.o (__copy_rom_sections_to_ram)
C:/Users/Martina M/Documents/HSLU_PREN Projekt Beispiele/Freescale/CW MCU v10.6/MCU/ARM_GCC_Support/ewl/lib/armv6-m\librt.a(__arm_eabi_init.o)
                              C:/Users/Martina M/Documents/HSLU_PREN Projekt Beispiele/Freescale/CW MCU v10.6/MCU/ARM_GCC_Support/ewl/lib/armv6-m\libc.a(exit.o) (__destroy_global_chain)

Allocating common symbols
Common symbol       size              file

SR_reg              0x1               ./Generated_Code/Cpu.o

Discarded input sections

 .text          0x00000000        0x0 ./Generated_Code/Vectors.o
 .data          0x00000000        0x0 ./Generated_Code/Vectors.o
 .bss           0x00000000        0x0 ./Generated_Code/Vectors.o
 .text          0x00000000        0x0 ./Generated_Code/PE_LDD.o
 .data          0x00000000        0x0 ./Generated_Code/PE_LDD.o
 .bss           0x00000000        0x0 ./Generated_Code/PE_LDD.o
 .rodata.PE_CpuClockConfigurations
                0x00000000       0x28 ./Generated_Code/PE_LDD.o
 .text.PE_FillMemory
                0x00000000       0x28 ./Generated_Code/PE_LDD.o
 .text.PE_PeripheralUsed
                0x00000000       0x14 ./Generated_Code/PE_LDD.o
 .text.LDD_SetClockConfiguration
                0x00000000       0x14 ./Generated_Code/PE_LDD.o
 .debug_info    0x00000000      0x211 ./Generated_Code/PE_LDD.o
 .debug_abbrev  0x00000000       0xe8 ./Generated_Code/PE_LDD.o
 .debug_loc     0x00000000       0x9c ./Generated_Code/PE_LDD.o
 .debug_aranges
                0x00000000       0x30 ./Generated_Code/PE_LDD.o
 .debug_macinfo
                0x00000000    0x2dc68 ./Generated_Code/PE_LDD.o
 .debug_line    0x00000000      0x2e5 ./Generated_Code/PE_LDD.o
 .debug_str     0x00000000      0x2c6 ./Generated_Code/PE_LDD.o
 .comment       0x00000000       0x7a ./Generated_Code/PE_LDD.o
 .ARM.attributes
                0x00000000       0x31 ./Generated_Code/PE_LDD.o
 .debug_frame   0x00000000       0x6c ./Generated_Code/PE_LDD.o
 .text          0x00000000        0x0 ./Generated_Code/Cpu.o
 .data          0x00000000        0x0 ./Generated_Code/Cpu.o
 .bss           0x00000000        0x0 ./Generated_Code/Cpu.o
 .bss.SR_lock   0x00000000        0x1 ./Generated_Code/Cpu.o
 COMMON         0x00000000        0x1 ./Generated_Code/Cpu.o
 .text          0x00000000        0x0 ./Project_Settings/Startup_Code/__arm_start.o
 .data          0x00000000        0x0 ./Project_Settings/Startup_Code/__arm_start.o
 .bss           0x00000000        0x0 ./Project_Settings/Startup_Code/__arm_start.o
 .text.__iar_program_start
                0x00000000        0x4 ./Project_Settings/Startup_Code/__arm_start.o
 .text          0x00000000        0x0 ./Project_Settings/Startup_Code/__arm_end.o
 .data          0x00000000        0x0 ./Project_Settings/Startup_Code/__arm_end.o
 .bss           0x00000000        0x0 ./Project_Settings/Startup_Code/__arm_end.o
 .text          0x00000000        0x0 ./Sources/sa_mtb.o
 .data          0x00000000        0x0 ./Sources/sa_mtb.o
 .bss           0x00000000        0x0 ./Sources/sa_mtb.o
 .debug_info    0x00000000       0x21 ./Sources/sa_mtb.o
 .debug_abbrev  0x00000000       0x12 ./Sources/sa_mtb.o
 .debug_aranges
                0x00000000       0x18 ./Sources/sa_mtb.o
 .debug_macinfo
                0x00000000     0x24d8 ./Sources/sa_mtb.o
 .debug_line    0x00000000       0xe0 ./Sources/sa_mtb.o
 .debug_str     0x00000000       0xbb ./Sources/sa_mtb.o
 .comment       0x00000000       0x7a ./Sources/sa_mtb.o
 .ARM.attributes
                0x00000000       0x31 ./Sources/sa_mtb.o
 .text          0x00000000        0x0 ./Sources/main.o
 .data          0x00000000        0x0 ./Sources/main.o
 .bss           0x00000000        0x0 ./Sources/main.o
 .text          0x00000000        0x0 ./Sources/Motor.o
 .data          0x00000000        0x0 ./Sources/Motor.o
 .bss           0x00000000        0x0 ./Sources/Motor.o
 .text.speedL   0x00000000       0x10 ./Sources/Motor.o
 .text.speedR   0x00000000       0x10 ./Sources/Motor.o
 .debug_info    0x00000000       0x9c ./Sources/Motor.o
 .debug_abbrev  0x00000000       0x74 ./Sources/Motor.o
 .debug_loc     0x00000000       0x70 ./Sources/Motor.o
 .debug_aranges
                0x00000000       0x28 ./Sources/Motor.o
 .debug_macinfo
                0x00000000     0x24fb ./Sources/Motor.o
 .debug_line    0x00000000      0x10a ./Sources/Motor.o
 .debug_str     0x00000000       0xd3 ./Sources/Motor.o
 .comment       0x00000000       0x7a ./Sources/Motor.o
 .ARM.attributes
                0x00000000       0x31 ./Sources/Motor.o
 .debug_frame   0x00000000       0x50 ./Sources/Motor.o
 .text          0x00000000        0x0 ./Sources/Events.o
 .data          0x00000000        0x0 ./Sources/Events.o
 .bss           0x00000000        0x0 ./Sources/Events.o
 .text          0x00000000        0x0 C:/Users/Martina M/Documents/HSLU_PREN Projekt Beispiele/Freescale/CW MCU v10.6/MCU/ARM_GCC_Support/ewl/lib/armv6-m\libc.a(exit.o)
 .data          0x00000000        0x0 C:/Users/Martina M/Documents/HSLU_PREN Projekt Beispiele/Freescale/CW MCU v10.6/MCU/ARM_GCC_Support/ewl/lib/armv6-m\libc.a(exit.o)
 .bss           0x00000000        0x0 C:/Users/Martina M/Documents/HSLU_PREN Projekt Beispiele/Freescale/CW MCU v10.6/MCU/ARM_GCC_Support/ewl/lib/armv6-m\libc.a(exit.o)
 .text          0x00000000        0x0 C:/Users/Martina M/Documents/HSLU_PREN Projekt Beispiele/Freescale/CW MCU v10.6/MCU/ARM_GCC_Support/ewl/lib/armv6-m\libc.a(memset.o)
 .data          0x00000000        0x0 C:/Users/Martina M/Documents/HSLU_PREN Projekt Beispiele/Freescale/CW MCU v10.6/MCU/ARM_GCC_Support/ewl/lib/armv6-m\libc.a(memset.o)
 .bss           0x00000000        0x0 C:/Users/Martina M/Documents/HSLU_PREN Projekt Beispiele/Freescale/CW MCU v10.6/MCU/ARM_GCC_Support/ewl/lib/armv6-m\libc.a(memset.o)
 .text          0x00000000        0x0 C:/Users/Martina M/Documents/HSLU_PREN Projekt Beispiele/Freescale/CW MCU v10.6/MCU/ARM_GCC_Support/ewl/lib/armv6-m\libc.a(printformat_.o)
 .data          0x00000000        0x0 C:/Users/Martina M/Documents/HSLU_PREN Projekt Beispiele/Freescale/CW MCU v10.6/MCU/ARM_GCC_Support/ewl/lib/armv6-m\libc.a(printformat_.o)
 .bss           0x00000000        0x0 C:/Users/Martina M/Documents/HSLU_PREN Projekt Beispiele/Freescale/CW MCU v10.6/MCU/ARM_GCC_Support/ewl/lib/armv6-m\libc.a(printformat_.o)
 .text          0x00000000        0x0 C:/Users/Martina M/Documents/HSLU_PREN Projekt Beispiele/Freescale/CW MCU v10.6/MCU/ARM_GCC_Support/ewl/lib/armv6-m\libc.a(scanformat_.o)
 .data          0x00000000        0x0 C:/Users/Martina M/Documents/HSLU_PREN Projekt Beispiele/Freescale/CW MCU v10.6/MCU/ARM_GCC_Support/ewl/lib/armv6-m\libc.a(scanformat_.o)
 .bss           0x00000000        0x0 C:/Users/Martina M/Documents/HSLU_PREN Projekt Beispiele/Freescale/CW MCU v10.6/MCU/ARM_GCC_Support/ewl/lib/armv6-m\libc.a(scanformat_.o)
 .text          0x00000000        0x0 C:/Users/Martina M/Documents/HSLU_PREN Projekt Beispiele/Freescale/CW MCU v10.6/MCU/ARM_GCC_Support/ewl/lib/armv6-m\libc.a(ctype_aeabi.o)
 .data          0x00000000        0x0 C:/Users/Martina M/Documents/HSLU_PREN Projekt Beispiele/Freescale/CW MCU v10.6/MCU/ARM_GCC_Support/ewl/lib/armv6-m\libc.a(ctype_aeabi.o)
 .bss           0x00000000        0x0 C:/Users/Martina M/Documents/HSLU_PREN Projekt Beispiele/Freescale/CW MCU v10.6/MCU/ARM_GCC_Support/ewl/lib/armv6-m\libc.a(ctype_aeabi.o)
 .text.isalnum  0x00000000       0x1c C:/Users/Martina M/Documents/HSLU_PREN Projekt Beispiele/Freescale/CW MCU v10.6/MCU/ARM_GCC_Support/ewl/lib/armv6-m\libc.a(ctype_aeabi.o)
 .text.iscntrl  0x00000000       0x20 C:/Users/Martina M/Documents/HSLU_PREN Projekt Beispiele/Freescale/CW MCU v10.6/MCU/ARM_GCC_Support/ewl/lib/armv6-m\libc.a(ctype_aeabi.o)
 .text.isdigit  0x00000000        0xe C:/Users/Martina M/Documents/HSLU_PREN Projekt Beispiele/Freescale/CW MCU v10.6/MCU/ARM_GCC_Support/ewl/lib/armv6-m\libc.a(ctype_aeabi.o)
 .text.isgraph  0x00000000       0x1c C:/Users/Martina M/Documents/HSLU_PREN Projekt Beispiele/Freescale/CW MCU v10.6/MCU/ARM_GCC_Support/ewl/lib/armv6-m\libc.a(ctype_aeabi.o)
 .text.islower  0x00000000       0x20 C:/Users/Martina M/Documents/HSLU_PREN Projekt Beispiele/Freescale/CW MCU v10.6/MCU/ARM_GCC_Support/ewl/lib/armv6-m\libc.a(ctype_aeabi.o)
 .text.isprint  0x00000000       0x1c C:/Users/Martina M/Documents/HSLU_PREN Projekt Beispiele/Freescale/CW MCU v10.6/MCU/ARM_GCC_Support/ewl/lib/armv6-m\libc.a(ctype_aeabi.o)
 .text.ispunct  0x00000000       0x20 C:/Users/Martina M/Documents/HSLU_PREN Projekt Beispiele/Freescale/CW MCU v10.6/MCU/ARM_GCC_Support/ewl/lib/armv6-m\libc.a(ctype_aeabi.o)
 .text.isupper  0x00000000       0x20 C:/Users/Martina M/Documents/HSLU_PREN Projekt Beispiele/Freescale/CW MCU v10.6/MCU/ARM_GCC_Support/ewl/lib/armv6-m\libc.a(ctype_aeabi.o)
 .text.isxdigit
                0x00000000       0x20 C:/Users/Martina M/Documents/HSLU_PREN Projekt Beispiele/Freescale/CW MCU v10.6/MCU/ARM_GCC_Support/ewl/lib/armv6-m\libc.a(ctype_aeabi.o)
 .text.isblank  0x00000000       0x28 C:/Users/Martina M/Documents/HSLU_PREN Projekt Beispiele/Freescale/CW MCU v10.6/MCU/ARM_GCC_Support/ewl/lib/armv6-m\libc.a(ctype_aeabi.o)
 .text.tolower  0x00000000        0xe C:/Users/Martina M/Documents/HSLU_PREN Projekt Beispiele/Freescale/CW MCU v10.6/MCU/ARM_GCC_Support/ewl/lib/armv6-m\libc.a(ctype_aeabi.o)
 .text          0x00000000        0x0 C:/Users/Martina M/Documents/HSLU_PREN Projekt Beispiele/Freescale/CW MCU v10.6/MCU/ARM_GCC_Support/ewl/lib/armv6-m\libc.a(__strtoul.o)
 .data          0x00000000        0x0 C:/Users/Martina M/Documents/HSLU_PREN Projekt Beispiele/Freescale/CW MCU v10.6/MCU/ARM_GCC_Support/ewl/lib/armv6-m\libc.a(__strtoul.o)
 .bss           0x00000000        0x0 C:/Users/Martina M/Documents/HSLU_PREN Projekt Beispiele/Freescale/CW MCU v10.6/MCU/ARM_GCC_Support/ewl/lib/armv6-m\libc.a(__strtoul.o)
 .text          0x00000000        0x0 C:/Users/Martina M/Documents/HSLU_PREN Projekt Beispiele/Freescale/CW MCU v10.6/MCU/ARM_GCC_Support/ewl/lib/armv6-m\libc.a(__filll_mem.o)
 .data          0x00000000        0x0 C:/Users/Martina M/Documents/HSLU_PREN Projekt Beispiele/Freescale/CW MCU v10.6/MCU/ARM_GCC_Support/ewl/lib/armv6-m\libc.a(__filll_mem.o)
 .bss           0x00000000        0x0 C:/Users/Martina M/Documents/HSLU_PREN Projekt Beispiele/Freescale/CW MCU v10.6/MCU/ARM_GCC_Support/ewl/lib/armv6-m\libc.a(__filll_mem.o)
 .text          0x00000000        0x0 C:/Users/Martina M/Documents/HSLU_PREN Projekt Beispiele/Freescale/CW MCU v10.6/MCU/ARM_GCC_Support/ewl/lib/armv6-m\libc.a(memchr.o)
 .data          0x00000000        0x0 C:/Users/Martina M/Documents/HSLU_PREN Projekt Beispiele/Freescale/CW MCU v10.6/MCU/ARM_GCC_Support/ewl/lib/armv6-m\libc.a(memchr.o)
 .bss           0x00000000        0x0 C:/Users/Martina M/Documents/HSLU_PREN Projekt Beispiele/Freescale/CW MCU v10.6/MCU/ARM_GCC_Support/ewl/lib/armv6-m\libc.a(memchr.o)
 .text          0x00000000        0x0 C:/Users/Martina M/Documents/HSLU_PREN Projekt Beispiele/Freescale/CW MCU v10.6/MCU/ARM_GCC_Support/ewl/lib/armv6-m\libc.a(memcpy.o)
 .data          0x00000000        0x0 C:/Users/Martina M/Documents/HSLU_PREN Projekt Beispiele/Freescale/CW MCU v10.6/MCU/ARM_GCC_Support/ewl/lib/armv6-m\libc.a(memcpy.o)
 .bss           0x00000000        0x0 C:/Users/Martina M/Documents/HSLU_PREN Projekt Beispiele/Freescale/CW MCU v10.6/MCU/ARM_GCC_Support/ewl/lib/armv6-m\libc.a(memcpy.o)
 .text          0x00000000        0x0 C:/Users/Martina M/Documents/HSLU_PREN Projekt Beispiele/Freescale/CW MCU v10.6/MCU/ARM_GCC_Support/ewl/lib/armv6-m\libc.a(strchr.o)
 .data          0x00000000        0x0 C:/Users/Martina M/Documents/HSLU_PREN Projekt Beispiele/Freescale/CW MCU v10.6/MCU/ARM_GCC_Support/ewl/lib/armv6-m\libc.a(strchr.o)
 .bss           0x00000000        0x0 C:/Users/Martina M/Documents/HSLU_PREN Projekt Beispiele/Freescale/CW MCU v10.6/MCU/ARM_GCC_Support/ewl/lib/armv6-m\libc.a(strchr.o)
 .text          0x00000000        0x0 C:/Users/Martina M/Documents/HSLU_PREN Projekt Beispiele/Freescale/CW MCU v10.6/MCU/ARM_GCC_Support/ewl/lib/armv6-m\libc.a(strlen.o)
 .data          0x00000000        0x0 C:/Users/Martina M/Documents/HSLU_PREN Projekt Beispiele/Freescale/CW MCU v10.6/MCU/ARM_GCC_Support/ewl/lib/armv6-m\libc.a(strlen.o)
 .bss           0x00000000        0x0 C:/Users/Martina M/Documents/HSLU_PREN Projekt Beispiele/Freescale/CW MCU v10.6/MCU/ARM_GCC_Support/ewl/lib/armv6-m\libc.a(strlen.o)
 .data          0x00000000        0x0 c:/users/martina m/documents/hslu_pren projekt beispiele/freescale/cw mcu v10.6/cross_tools/arm-none-eabi-gcc-4_7_3/bin/../lib/gcc/arm-none-eabi/4.7.3/armv6-m\libgcc.a(_thumb1_case_sqi.o)
 .bss           0x00000000        0x0 c:/users/martina m/documents/hslu_pren projekt beispiele/freescale/cw mcu v10.6/cross_tools/arm-none-eabi-gcc-4_7_3/bin/../lib/gcc/arm-none-eabi/4.7.3/armv6-m\libgcc.a(_thumb1_case_sqi.o)
 .data          0x00000000        0x0 c:/users/martina m/documents/hslu_pren projekt beispiele/freescale/cw mcu v10.6/cross_tools/arm-none-eabi-gcc-4_7_3/bin/../lib/gcc/arm-none-eabi/4.7.3/armv6-m\libgcc.a(_thumb1_case_uqi.o)
 .bss           0x00000000        0x0 c:/users/martina m/documents/hslu_pren projekt beispiele/freescale/cw mcu v10.6/cross_tools/arm-none-eabi-gcc-4_7_3/bin/../lib/gcc/arm-none-eabi/4.7.3/armv6-m\libgcc.a(_thumb1_case_uqi.o)
 .data          0x00000000        0x0 c:/users/martina m/documents/hslu_pren projekt beispiele/freescale/cw mcu v10.6/cross_tools/arm-none-eabi-gcc-4_7_3/bin/../lib/gcc/arm-none-eabi/4.7.3/armv6-m\libgcc.a(_udivsi3.o)
 .bss           0x00000000        0x0 c:/users/martina m/documents/hslu_pren projekt beispiele/freescale/cw mcu v10.6/cross_tools/arm-none-eabi-gcc-4_7_3/bin/../lib/gcc/arm-none-eabi/4.7.3/armv6-m\libgcc.a(_udivsi3.o)
 .data          0x00000000        0x0 c:/users/martina m/documents/hslu_pren projekt beispiele/freescale/cw mcu v10.6/cross_tools/arm-none-eabi-gcc-4_7_3/bin/../lib/gcc/arm-none-eabi/4.7.3/armv6-m\libgcc.a(_dvmd_tls.o)
 .bss           0x00000000        0x0 c:/users/martina m/documents/hslu_pren projekt beispiele/freescale/cw mcu v10.6/cross_tools/arm-none-eabi-gcc-4_7_3/bin/../lib/gcc/arm-none-eabi/4.7.3/armv6-m\libgcc.a(_dvmd_tls.o)
 .text          0x00000000        0x0 C:/Users/Martina M/Documents/HSLU_PREN Projekt Beispiele/Freescale/CW MCU v10.6/MCU/ARM_GCC_Support/ewl/lib/armv6-m\librt.a(gcc_ctor_dtor.o)
 .data          0x00000000        0x0 C:/Users/Martina M/Documents/HSLU_PREN Projekt Beispiele/Freescale/CW MCU v10.6/MCU/ARM_GCC_Support/ewl/lib/armv6-m\librt.a(gcc_ctor_dtor.o)
 .bss           0x00000000        0x0 C:/Users/Martina M/Documents/HSLU_PREN Projekt Beispiele/Freescale/CW MCU v10.6/MCU/ARM_GCC_Support/ewl/lib/armv6-m\librt.a(gcc_ctor_dtor.o)
 .bss.__dso_handle
                0x00000000        0x4 C:/Users/Martina M/Documents/HSLU_PREN Projekt Beispiele/Freescale/CW MCU v10.6/MCU/ARM_GCC_Support/ewl/lib/armv6-m\librt.a(gcc_ctor_dtor.o)
 .text          0x00000000        0x0 C:/Users/Martina M/Documents/HSLU_PREN Projekt Beispiele/Freescale/CW MCU v10.6/MCU/ARM_GCC_Support/ewl/lib/armv6-m\librt.a(ROMCopy.o)
 .data          0x00000000        0x0 C:/Users/Martina M/Documents/HSLU_PREN Projekt Beispiele/Freescale/CW MCU v10.6/MCU/ARM_GCC_Support/ewl/lib/armv6-m\librt.a(ROMCopy.o)
 .bss           0x00000000        0x0 C:/Users/Martina M/Documents/HSLU_PREN Projekt Beispiele/Freescale/CW MCU v10.6/MCU/ARM_GCC_Support/ewl/lib/armv6-m\librt.a(ROMCopy.o)
 .text.__flush_cache
                0x00000000        0x2 C:/Users/Martina M/Documents/HSLU_PREN Projekt Beispiele/Freescale/CW MCU v10.6/MCU/ARM_GCC_Support/ewl/lib/armv6-m\librt.a(ROMCopy.o)
 .text          0x00000000        0x0 C:/Users/Martina M/Documents/HSLU_PREN Projekt Beispiele/Freescale/CW MCU v10.6/MCU/ARM_GCC_Support/ewl/lib/armv6-m\librt.a(__arm_eabi_init.o)
 .data          0x00000000        0x0 C:/Users/Martina M/Documents/HSLU_PREN Projekt Beispiele/Freescale/CW MCU v10.6/MCU/ARM_GCC_Support/ewl/lib/armv6-m\librt.a(__arm_eabi_init.o)
 .bss           0x00000000        0x0 C:/Users/Martina M/Documents/HSLU_PREN Projekt Beispiele/Freescale/CW MCU v10.6/MCU/ARM_GCC_Support/ewl/lib/armv6-m\librt.a(__arm_eabi_init.o)
 .text.__register_global_object
                0x00000000       0x14 C:/Users/Martina M/Documents/HSLU_PREN Projekt Beispiele/Freescale/CW MCU v10.6/MCU/ARM_GCC_Support/ewl/lib/armv6-m\librt.a(__arm_eabi_init.o)
 .text.__cxa_atexit
                0x00000000       0x38 C:/Users/Martina M/Documents/HSLU_PREN Projekt Beispiele/Freescale/CW MCU v10.6/MCU/ARM_GCC_Support/ewl/lib/armv6-m\librt.a(__arm_eabi_init.o)
 .text.__aeabi_atexit
                0x00000000        0xe C:/Users/Martina M/Documents/HSLU_PREN Projekt Beispiele/Freescale/CW MCU v10.6/MCU/ARM_GCC_Support/ewl/lib/armv6-m\librt.a(__arm_eabi_init.o)
 .text.__register_atexit
                0x00000000        0xc C:/Users/Martina M/Documents/HSLU_PREN Projekt Beispiele/Freescale/CW MCU v10.6/MCU/ARM_GCC_Support/ewl/lib/armv6-m\librt.a(__arm_eabi_init.o)
 .text.__init_hardware
                0x00000000        0x4 C:/Users/Martina M/Documents/HSLU_PREN Projekt Beispiele/Freescale/CW MCU v10.6/MCU/ARM_GCC_Support/ewl/lib/armv6-m\librt.a(__arm_eabi_init.o)
 .bss.atexit_curr_func
                0x00000000        0x4 C:/Users/Martina M/Documents/HSLU_PREN Projekt Beispiele/Freescale/CW MCU v10.6/MCU/ARM_GCC_Support/ewl/lib/armv6-m\librt.a(__arm_eabi_init.o)
 .bss.atexit_funcs
                0x00000000      0x300 C:/Users/Martina M/Documents/HSLU_PREN Projekt Beispiele/Freescale/CW MCU v10.6/MCU/ARM_GCC_Support/ewl/lib/armv6-m\librt.a(__arm_eabi_init.o)

Memory Configuration

Name             Origin             Length             Attributes
m_interrupts     0x00000000         0x000000c0         xr
m_text           0x00000410         0x0001fbf0         xr
m_data           0x1ffff000         0x00004000         rw
m_cfmprotrom     0x00000400         0x00000010         xr
*default*        0x00000000         0xffffffff

Linker script and memory map

LOAD ./Generated_Code/Vectors.o
LOAD ./Generated_Code/PE_LDD.o
LOAD ./Generated_Code/Cpu.o
LOAD ./Project_Settings/Startup_Code/__arm_start.o
LOAD ./Project_Settings/Startup_Code/__arm_end.o
LOAD ./Sources/sa_mtb.o
LOAD ./Sources/main.o
LOAD ./Sources/Motor.o
LOAD ./Sources/Events.o
                0x0000091c                __pformatter = __pformatter_
                [0x00000d44]                __sformatter = __sformatter
START GROUP
LOAD C:/Users/Martina M/Documents/HSLU_PREN Projekt Beispiele/Freescale/CW MCU v10.6/MCU/ARM_GCC_Support/ewl/lib/armv6-m\libc.a
LOAD C:/Users/Martina M/Documents/HSLU_PREN Projekt Beispiele/Freescale/CW MCU v10.6/MCU/ARM_GCC_Support/ewl/lib/armv6-m\libm.a
LOAD c:/users/martina m/documents/hslu_pren projekt beispiele/freescale/cw mcu v10.6/cross_tools/arm-none-eabi-gcc-4_7_3/bin/../lib/gcc/arm-none-eabi/4.7.3/armv6-m\libgcc.a
LOAD C:/Users/Martina M/Documents/HSLU_PREN Projekt Beispiele/Freescale/CW MCU v10.6/MCU/ARM_GCC_Support/ewl/lib/armv6-m\librt.a
LOAD C:/Users/Martina M/Documents/HSLU_PREN Projekt Beispiele/Freescale/CW MCU v10.6/MCU/ARM_GCC_Support/ewl/lib/armv6-m\libuart.a
END GROUP
                0x20003000                _estack = 0x20003000
                0x20003000                __SP_INIT = _estack
                0x00000000                __heap_size = 0x0
                0x00000400                __stack_size = 0x400

.interrupts     0x00000000       0xc0
                0x00000000                __vector_table = .
                0x00000000                . = ALIGN (0x4)
 *(.vectortable)
 .vectortable   0x00000000       0xc0 ./Generated_Code/Vectors.o
                0x00000000                __vect_table
                0x000000c0                . = ALIGN (0x4)

.cfmprotect     0x00000400       0x10
                0x00000400                . = ALIGN (0x4)
 *(.cfmconfig)
 .cfmconfig     0x00000400       0x10 ./Generated_Code/Cpu.o
                0x00000400                _cfm
                0x00000410                . = ALIGN (0x4)

.text           0x00000410     0x1500
                0x00000410                . = ALIGN (0x4)
 *(.text)
 .text          0x00000410       0x14 c:/users/martina m/documents/hslu_pren projekt beispiele/freescale/cw mcu v10.6/cross_tools/arm-none-eabi-gcc-4_7_3/bin/../lib/gcc/arm-none-eabi/4.7.3/armv6-m\libgcc.a(_thumb1_case_sqi.o)
                0x00000410                __gnu_thumb1_case_sqi
 .text          0x00000424       0x14 c:/users/martina m/documents/hslu_pren projekt beispiele/freescale/cw mcu v10.6/cross_tools/arm-none-eabi-gcc-4_7_3/bin/../lib/gcc/arm-none-eabi/4.7.3/armv6-m\libgcc.a(_thumb1_case_uqi.o)
                0x00000424                __gnu_thumb1_case_uqi
 .text          0x00000438       0x9c c:/users/martina m/documents/hslu_pren projekt beispiele/freescale/cw mcu v10.6/cross_tools/arm-none-eabi-gcc-4_7_3/bin/../lib/gcc/arm-none-eabi/4.7.3/armv6-m\libgcc.a(_udivsi3.o)
                0x00000438                __aeabi_uidiv
                0x00000438                __udivsi3
                0x000004c0                __aeabi_uidivmod
 .text          0x000004d4        0x4 c:/users/martina m/documents/hslu_pren projekt beispiele/freescale/cw mcu v10.6/cross_tools/arm-none-eabi-gcc-4_7_3/bin/../lib/gcc/arm-none-eabi/4.7.3/armv6-m\libgcc.a(_dvmd_tls.o)
                0x000004d4                __aeabi_idiv0
                0x000004d4                __aeabi_ldiv0
 *(.text*)
 .text.Cpu_INT_NMIInterrupt
                0x000004d8        0xc ./Generated_Code/Cpu.o
                0x000004d8                Cpu_INT_NMIInterrupt
 .text.Cpu_Interrupt
                0x000004e4        0xc ./Generated_Code/Cpu.o
                0x000004e4                Cpu_Interrupt
 .text.__init_hardware
                0x000004f0      0x110 ./Generated_Code/Cpu.o
                0x000004f0                __init_hardware
 .text.PE_low_level_init
                0x00000600       0xc8 ./Generated_Code/Cpu.o
                0x00000600                PE_low_level_init
 .text.zero_fill_bss
                0x000006c8       0x24 ./Project_Settings/Startup_Code/__arm_start.o
 .text.__thumb_startup
                0x000006ec       0x30 ./Project_Settings/Startup_Code/__arm_start.o
                0x000006ec                __thumb_startup
 .text._ExitProcess
                0x0000071c        0xc ./Project_Settings/Startup_Code/__arm_end.o
                0x0000071c                _ExitProcess
 .text.main     0x00000728        0xc ./Sources/main.o
                0x00000728                main
 .text.Cpu_OnNMIINT
                0x00000734        0x8 ./Sources/Events.o
                0x00000734                Cpu_OnNMIINT
 .text.exit     0x0000073c       0x38 C:/Users/Martina M/Documents/HSLU_PREN Projekt Beispiele/Freescale/CW MCU v10.6/MCU/ARM_GCC_Support/ewl/lib/armv6-m\libc.a(exit.o)
                0x0000073c                exit
 .text.memset   0x00000774        0xc C:/Users/Martina M/Documents/HSLU_PREN Projekt Beispiele/Freescale/CW MCU v10.6/MCU/ARM_GCC_Support/ewl/lib/armv6-m\libc.a(memset.o)
                0x00000774                memset
 .text.long2str.isra.0
                0x00000780      0x19c C:/Users/Martina M/Documents/HSLU_PREN Projekt Beispiele/Freescale/CW MCU v10.6/MCU/ARM_GCC_Support/ewl/lib/armv6-m\libc.a(printformat_.o)
 .text.__pformatter_
                0x0000091c      0x428 C:/Users/Martina M/Documents/HSLU_PREN Projekt Beispiele/Freescale/CW MCU v10.6/MCU/ARM_GCC_Support/ewl/lib/armv6-m\libc.a(printformat_.o)
                0x0000091c                __pformatter_
 .text.__sformatter
                0x00000d44      0x698 C:/Users/Martina M/Documents/HSLU_PREN Projekt Beispiele/Freescale/CW MCU v10.6/MCU/ARM_GCC_Support/ewl/lib/armv6-m\libc.a(scanformat_.o)
                0x00000d44                __sformatter
 .text.isalpha  0x000013dc       0x20 C:/Users/Martina M/Documents/HSLU_PREN Projekt Beispiele/Freescale/CW MCU v10.6/MCU/ARM_GCC_Support/ewl/lib/armv6-m\libc.a(ctype_aeabi.o)
                0x000013dc                isalpha
 .text.isspace  0x000013fc       0x20 C:/Users/Martina M/Documents/HSLU_PREN Projekt Beispiele/Freescale/CW MCU v10.6/MCU/ARM_GCC_Support/ewl/lib/armv6-m\libc.a(ctype_aeabi.o)
                0x000013fc                isspace
 .text.toupper  0x0000141c        0xe C:/Users/Martina M/Documents/HSLU_PREN Projekt Beispiele/Freescale/CW MCU v10.6/MCU/ARM_GCC_Support/ewl/lib/armv6-m\libc.a(ctype_aeabi.o)
                0x0000141c                toupper
 .text.__strtoul
                0x0000142a      0x1ce C:/Users/Martina M/Documents/HSLU_PREN Projekt Beispiele/Freescale/CW MCU v10.6/MCU/ARM_GCC_Support/ewl/lib/armv6-m\libc.a(__strtoul.o)
                0x0000142a                __strtoul
 .text.__fill_mem
                0x000015f8       0x7e C:/Users/Martina M/Documents/HSLU_PREN Projekt Beispiele/Freescale/CW MCU v10.6/MCU/ARM_GCC_Support/ewl/lib/armv6-m\libc.a(__filll_mem.o)
                0x000015f8                __fill_mem
 .text.memchr   0x00001676       0x1a C:/Users/Martina M/Documents/HSLU_PREN Projekt Beispiele/Freescale/CW MCU v10.6/MCU/ARM_GCC_Support/ewl/lib/armv6-m\libc.a(memchr.o)
                0x00001676                memchr
 .text.memcpy   0x00001690       0x12 C:/Users/Martina M/Documents/HSLU_PREN Projekt Beispiele/Freescale/CW MCU v10.6/MCU/ARM_GCC_Support/ewl/lib/armv6-m\libc.a(memcpy.o)
                0x00001690                memcpy
 .text.strchr   0x000016a2       0x1e C:/Users/Martina M/Documents/HSLU_PREN Projekt Beispiele/Freescale/CW MCU v10.6/MCU/ARM_GCC_Support/ewl/lib/armv6-m\libc.a(strchr.o)
                0x000016a2                strchr
 .text.strlen   0x000016c0       0x10 C:/Users/Martina M/Documents/HSLU_PREN Projekt Beispiele/Freescale/CW MCU v10.6/MCU/ARM_GCC_Support/ewl/lib/armv6-m\libc.a(strlen.o)
                0x000016c0                strlen
 .text.__init_cpp
                0x000016d0       0x48 C:/Users/Martina M/Documents/HSLU_PREN Projekt Beispiele/Freescale/CW MCU v10.6/MCU/ARM_GCC_Support/ewl/lib/armv6-m\librt.a(gcc_ctor_dtor.o)
                0x000016d0                __init_cpp
 .text.__fini_cpp
                0x00001718       0x34 C:/Users/Martina M/Documents/HSLU_PREN Projekt Beispiele/Freescale/CW MCU v10.6/MCU/ARM_GCC_Support/ewl/lib/armv6-m\librt.a(gcc_ctor_dtor.o)
                0x00001718                __fini_cpp
 .text.__copy_rom_section
                0x0000174c       0x48 C:/Users/Martina M/Documents/HSLU_PREN Projekt Beispiele/Freescale/CW MCU v10.6/MCU/ARM_GCC_Support/ewl/lib/armv6-m\librt.a(ROMCopy.o)
                0x0000174c                __copy_rom_section
 .text.__copy_rom_sections_to_ram
                0x00001794       0x34 C:/Users/Martina M/Documents/HSLU_PREN Projekt Beispiele/Freescale/CW MCU v10.6/MCU/ARM_GCC_Support/ewl/lib/armv6-m\librt.a(ROMCopy.o)
                0x00001794                __copy_rom_sections_to_ram
 .text.__destroy_global_chain
                0x000017c8       0x1c C:/Users/Martina M/Documents/HSLU_PREN Projekt Beispiele/Freescale/CW MCU v10.6/MCU/ARM_GCC_Support/ewl/lib/armv6-m\librt.a(__arm_eabi_init.o)
                0x000017c8                __destroy_global_chain
 .text.__init_registers
                0x000017e4       0x1c C:/Users/Martina M/Documents/HSLU_PREN Projekt Beispiele/Freescale/CW MCU v10.6/MCU/ARM_GCC_Support/ewl/lib/armv6-m\librt.a(__arm_eabi_init.o)
                0x000017e4                __init_registers
 .text.__init_user
                0x00001800        0x4 C:/Users/Martina M/Documents/HSLU_PREN Projekt Beispiele/Freescale/CW MCU v10.6/MCU/ARM_GCC_Support/ewl/lib/armv6-m\librt.a(__arm_eabi_init.o)
                0x00001800                __init_user
 *(.rodata)
 *(.rodata*)
 .rodata.str1.1
                0x00001804        0x1 C:/Users/Martina M/Documents/HSLU_PREN Projekt Beispiele/Freescale/CW MCU v10.6/MCU/ARM_GCC_Support/ewl/lib/armv6-m\libc.a(printformat_.o)
 .rodata.CSWTCH.20
                0x00001805        0x5 C:/Users/Martina M/Documents/HSLU_PREN Projekt Beispiele/Freescale/CW MCU v10.6/MCU/ARM_GCC_Support/ewl/lib/armv6-m\libc.a(printformat_.o)
 .rodata.CSWTCH.21
                0x0000180a        0x5 C:/Users/Martina M/Documents/HSLU_PREN Projekt Beispiele/Freescale/CW MCU v10.6/MCU/ARM_GCC_Support/ewl/lib/armv6-m\libc.a(printformat_.o)
 .rodata.__aeabi_ctype_table_C
                0x0000180f      0x101 C:/Users/Martina M/Documents/HSLU_PREN Projekt Beispiele/Freescale/CW MCU v10.6/MCU/ARM_GCC_Support/ewl/lib/armv6-m\libc.a(ctype_aeabi.o)
                0x0000180f                __aeabi_ctype_table_C
 *(.glue_7)
 .glue_7        0x00000000        0x0 linker stubs
 *(.glue_7t)
 .glue_7t       0x00000000        0x0 linker stubs
 *(.eh_frame)
 *(.init)
 *(.fini)
                0x00001910                . = ALIGN (0x4)
                0x00001910                _etext = .

.vfp11_veneer   0x00001910        0x0
 .vfp11_veneer  0x00000000        0x0 linker stubs

.v4_bx          0x00001910        0x0
 .v4_bx         0x00000000        0x0 linker stubs

.iplt           0x00001910        0x0
 .iplt          0x00000000        0x0 ./Generated_Code/Vectors.o

.rel.dyn        0x00001910        0x0
 .rel.iplt      0x00000000        0x0 ./Generated_Code/Vectors.o

.ARM.extab
 *(.ARM.extab* .gnu.linkonce.armextab.*)

.ARM            0x00001910        0x0
                0x00001910                __exidx_start = .
 *(.ARM.exidx*)
                0x00001910                __exidx_end = .

.ctors          0x00001910        0x0
                0x00001910                __CTOR_LIST__ = .
 *crtbegin.o(.ctors)
 *(EXCLUDE_FILE(*crtend.o) .ctors)
 *(SORT(.ctors.*))
 *(.ctors)
                0x00001910                __CTOR_END__ = .

.dtors          0x00001910        0x0
                0x00001910                __DTOR_LIST__ = .
 *crtbegin.o(.dtors)
 *(EXCLUDE_FILE(*crtend.o) .dtors)
 *(SORT(.dtors.*))
 *(.dtors)
                0x00001910                __DTOR_END__ = .

.preinit_array  0x00001910        0x0
                0x00001910                PROVIDE (__preinit_array_start, .)
 *(.preinit_array*)
                0x00001910                PROVIDE (__preinit_array_end, .)

.init_array     0x00001910        0x0
                0x00001910                PROVIDE (__init_array_start, .)
 *(SORT(.init_array.*))
 *(.init_array*)
                0x00001910                PROVIDE (__init_array_end, .)

.fini_array     0x00001910        0x0
                0x00001910                PROVIDE (__fini_array_start, .)
 *(SORT(.fini_array.*))
 *(.fini_array*)
                0x00001910                PROVIDE (__fini_array_end, .)
                0x00001910                ___ROM_AT = .

.mtb            0x1ffff000        0x0
                0x1ffff000                . = ALIGN (0x8)
                0x1ffff000                _mtb_start = .
 *(.mtb_buf)
                0x1ffff000                . = ALIGN (0x8)
                0x1ffff000                _mtb_end = .

.data           0x1ffff000        0x0 load address 0x00001910
                0x1ffff000                . = ALIGN (0x4)
                0x1ffff000                _sdata = .
 *(.data)
 *(.data*)
                0x1ffff000                . = ALIGN (0x4)
                0x1ffff000                _edata = .
                0x00000000                ___data_size = (_edata - _sdata)

.igot.plt       0x1ffff000        0x0
 .igot.plt      0x00000000        0x0 ./Generated_Code/Vectors.o
                0x1ffff000                . = ALIGN (0x4)

.bss            0x1ffff000       0x1c
                0x1ffff000                __START_BSS = .
                0x1ffff000                PROVIDE (__bss_start__, __START_BSS)
 *(.bss)
 *(.bss*)
 .bss.argv      0x1ffff000        0x4 ./Project_Settings/Startup_Code/__arm_start.o
 .bss.__stdio_exit
                0x1ffff004        0x4 C:/Users/Martina M/Documents/HSLU_PREN Projekt Beispiele/Freescale/CW MCU v10.6/MCU/ARM_GCC_Support/ewl/lib/armv6-m\libc.a(exit.o)
                0x1ffff004                __stdio_exit
 .bss.__console_exit
                0x1ffff008        0x4 C:/Users/Martina M/Documents/HSLU_PREN Projekt Beispiele/Freescale/CW MCU v10.6/MCU/ARM_GCC_Support/ewl/lib/armv6-m\libc.a(exit.o)
                0x1ffff008                __console_exit
 .bss.__S_romp  0x1ffff00c        0xc C:/Users/Martina M/Documents/HSLU_PREN Projekt Beispiele/Freescale/CW MCU v10.6/MCU/ARM_GCC_Support/ewl/lib/armv6-m\librt.a(ROMCopy.o)
 .bss.__global_destructor_chain
                0x1ffff018        0x4 C:/Users/Martina M/Documents/HSLU_PREN Projekt Beispiele/Freescale/CW MCU v10.6/MCU/ARM_GCC_Support/ewl/lib/armv6-m\librt.a(__arm_eabi_init.o)
                0x1ffff018                __global_destructor_chain
 *(COMMON)
                0x1ffff01c                . = ALIGN (0x4)
                0x1ffff01c                __END_BSS = .
                0x1ffff01c                PROVIDE (__bss_end__, __END_BSS)
                0x00001910                _romp_at = (___ROM_AT + SIZEOF (.data))

.romp           0x1ffff01c       0x18 load address 0x00001910
                0x00001910                __S_romp = _romp_at
                0x1ffff01c        0x4 LONG 0x1910 ___ROM_AT
                0x1ffff020        0x4 LONG 0x1ffff000 _sdata
                0x1ffff024        0x4 LONG 0x0 ___data_size
                0x1ffff028        0x4 LONG 0x0
                0x1ffff02c        0x4 LONG 0x0
                0x1ffff030        0x4 LONG 0x0

._user_heap_stack
                0x1ffff034      0x400 load address 0x00001928
                0x1ffff034                . = ALIGN (0x4)
                0x1ffff034                PROVIDE (end, .)
                0x1ffff034                PROVIDE (_end, .)
                0x1ffff034                __heap_addr = .
                0x1ffff034                . = (. + __heap_size)
                0x1ffff434                . = (. + __stack_size)
 *fill*         0x1ffff034      0x400 00
                0x1ffff434                . = ALIGN (0x4)

.ARM.attributes
                0x00000000       0x31
 *(.ARM.attributes)
 .ARM.attributes
                0x00000000       0x31 ./Generated_Code/Vectors.o
 .ARM.attributes
                0x00000031       0x31 ./Generated_Code/Cpu.o
 .ARM.attributes
                0x00000062       0x31 ./Project_Settings/Startup_Code/__arm_start.o
 .ARM.attributes
                0x00000093       0x31 ./Project_Settings/Startup_Code/__arm_end.o
 .ARM.attributes
                0x000000c4       0x31 ./Sources/main.o
 .ARM.attributes
                0x000000f5       0x31 ./Sources/Events.o
 .ARM.attributes
                0x00000126       0x31 C:/Users/Martina M/Documents/HSLU_PREN Projekt Beispiele/Freescale/CW MCU v10.6/MCU/ARM_GCC_Support/ewl/lib/armv6-m\libc.a(exit.o)
 .ARM.attributes
                0x00000157       0x31 C:/Users/Martina M/Documents/HSLU_PREN Projekt Beispiele/Freescale/CW MCU v10.6/MCU/ARM_GCC_Support/ewl/lib/armv6-m\libc.a(memset.o)
 .ARM.attributes
                0x00000188       0x31 C:/Users/Martina M/Documents/HSLU_PREN Projekt Beispiele/Freescale/CW MCU v10.6/MCU/ARM_GCC_Support/ewl/lib/armv6-m\libc.a(printformat_.o)
 .ARM.attributes
                0x000001b9       0x31 C:/Users/Martina M/Documents/HSLU_PREN Projekt Beispiele/Freescale/CW MCU v10.6/MCU/ARM_GCC_Support/ewl/lib/armv6-m\libc.a(scanformat_.o)
 .ARM.attributes
                0x000001ea       0x31 C:/Users/Martina M/Documents/HSLU_PREN Projekt Beispiele/Freescale/CW MCU v10.6/MCU/ARM_GCC_Support/ewl/lib/armv6-m\libc.a(ctype_aeabi.o)
 .ARM.attributes
                0x0000021b       0x31 C:/Users/Martina M/Documents/HSLU_PREN Projekt Beispiele/Freescale/CW MCU v10.6/MCU/ARM_GCC_Support/ewl/lib/armv6-m\libc.a(__strtoul.o)
 .ARM.attributes
                0x0000024c       0x31 C:/Users/Martina M/Documents/HSLU_PREN Projekt Beispiele/Freescale/CW MCU v10.6/MCU/ARM_GCC_Support/ewl/lib/armv6-m\libc.a(__filll_mem.o)
 .ARM.attributes
                0x0000027d       0x31 C:/Users/Martina M/Documents/HSLU_PREN Projekt Beispiele/Freescale/CW MCU v10.6/MCU/ARM_GCC_Support/ewl/lib/armv6-m\libc.a(memchr.o)
 .ARM.attributes
                0x000002ae       0x31 C:/Users/Martina M/Documents/HSLU_PREN Projekt Beispiele/Freescale/CW MCU v10.6/MCU/ARM_GCC_Support/ewl/lib/armv6-m\libc.a(memcpy.o)
 .ARM.attributes
                0x000002df       0x31 C:/Users/Martina M/Documents/HSLU_PREN Projekt Beispiele/Freescale/CW MCU v10.6/MCU/ARM_GCC_Support/ewl/lib/armv6-m\libc.a(strchr.o)
 .ARM.attributes
                0x00000310       0x31 C:/Users/Martina M/Documents/HSLU_PREN Projekt Beispiele/Freescale/CW MCU v10.6/MCU/ARM_GCC_Support/ewl/lib/armv6-m\libc.a(strlen.o)
 .ARM.attributes
                0x00000341       0x1e c:/users/martina m/documents/hslu_pren projekt beispiele/freescale/cw mcu v10.6/cross_tools/arm-none-eabi-gcc-4_7_3/bin/../lib/gcc/arm-none-eabi/4.7.3/armv6-m\libgcc.a(_thumb1_case_sqi.o)
 .ARM.attributes
                0x0000035f       0x1e c:/users/martina m/documents/hslu_pren projekt beispiele/freescale/cw mcu v10.6/cross_tools/arm-none-eabi-gcc-4_7_3/bin/../lib/gcc/arm-none-eabi/4.7.3/armv6-m\libgcc.a(_thumb1_case_uqi.o)
 .ARM.attributes
                0x0000037d       0x1e c:/users/martina m/documents/hslu_pren projekt beispiele/freescale/cw mcu v10.6/cross_tools/arm-none-eabi-gcc-4_7_3/bin/../lib/gcc/arm-none-eabi/4.7.3/armv6-m\libgcc.a(_udivsi3.o)
 .ARM.attributes
                0x0000039b       0x1e c:/users/martina m/documents/hslu_pren projekt beispiele/freescale/cw mcu v10.6/cross_tools/arm-none-eabi-gcc-4_7_3/bin/../lib/gcc/arm-none-eabi/4.7.3/armv6-m\libgcc.a(_dvmd_tls.o)
 .ARM.attributes
                0x000003b9       0x31 C:/Users/Martina M/Documents/HSLU_PREN Projekt Beispiele/Freescale/CW MCU v10.6/MCU/ARM_GCC_Support/ewl/lib/armv6-m\librt.a(gcc_ctor_dtor.o)
 .ARM.attributes
                0x000003ea       0x31 C:/Users/Martina M/Documents/HSLU_PREN Projekt Beispiele/Freescale/CW MCU v10.6/MCU/ARM_GCC_Support/ewl/lib/armv6-m\librt.a(ROMCopy.o)
 .ARM.attributes
                0x0000041b       0x31 C:/Users/Martina M/Documents/HSLU_PREN Projekt Beispiele/Freescale/CW MCU v10.6/MCU/ARM_GCC_Support/ewl/lib/armv6-m\librt.a(__arm_eabi_init.o)
OUTPUT(Pitt_ET.elf elf32-littlearm)

.debug_info     0x00000000     0x2894
 .debug_info    0x00000000      0x104 ./Generated_Code/Vectors.o
 .debug_info    0x00000104      0x8e0 ./Generated_Code/Cpu.o
 .debug_info    0x000009e4      0x12a ./Project_Settings/Startup_Code/__arm_start.o
 .debug_info    0x00000b0e       0x54 ./Project_Settings/Startup_Code/__arm_end.o
 .debug_info    0x00000b62       0x8f ./Sources/main.o
 .debug_info    0x00000bf1       0x8b ./Sources/Events.o
 .debug_info    0x00000c7c       0xe8 C:/Users/Martina M/Documents/HSLU_PREN Projekt Beispiele/Freescale/CW MCU v10.6/MCU/ARM_GCC_Support/ewl/lib/armv6-m\libc.a(exit.o)
 .debug_info    0x00000d64       0xec C:/Users/Martina M/Documents/HSLU_PREN Projekt Beispiele/Freescale/CW MCU v10.6/MCU/ARM_GCC_Support/ewl/lib/armv6-m\libc.a(memset.o)
 .debug_info    0x00000e50      0x50d C:/Users/Martina M/Documents/HSLU_PREN Projekt Beispiele/Freescale/CW MCU v10.6/MCU/ARM_GCC_Support/ewl/lib/armv6-m\libc.a(printformat_.o)
 .debug_info    0x0000135d      0x568 C:/Users/Martina M/Documents/HSLU_PREN Projekt Beispiele/Freescale/CW MCU v10.6/MCU/ARM_GCC_Support/ewl/lib/armv6-m\libc.a(scanformat_.o)
 .debug_info    0x000018c5      0x313 C:/Users/Martina M/Documents/HSLU_PREN Projekt Beispiele/Freescale/CW MCU v10.6/MCU/ARM_GCC_Support/ewl/lib/armv6-m\libc.a(ctype_aeabi.o)
 .debug_info    0x00001bd8      0x1d6 C:/Users/Martina M/Documents/HSLU_PREN Projekt Beispiele/Freescale/CW MCU v10.6/MCU/ARM_GCC_Support/ewl/lib/armv6-m\libc.a(__strtoul.o)
 .debug_info    0x00001dae      0x137 C:/Users/Martina M/Documents/HSLU_PREN Projekt Beispiele/Freescale/CW MCU v10.6/MCU/ARM_GCC_Support/ewl/lib/armv6-m\libc.a(__filll_mem.o)
 .debug_info    0x00001ee5      0x121 C:/Users/Martina M/Documents/HSLU_PREN Projekt Beispiele/Freescale/CW MCU v10.6/MCU/ARM_GCC_Support/ewl/lib/armv6-m\libc.a(memchr.o)
 .debug_info    0x00002006      0x10f C:/Users/Martina M/Documents/HSLU_PREN Projekt Beispiele/Freescale/CW MCU v10.6/MCU/ARM_GCC_Support/ewl/lib/armv6-m\libc.a(memcpy.o)
 .debug_info    0x00002115      0x10b C:/Users/Martina M/Documents/HSLU_PREN Projekt Beispiele/Freescale/CW MCU v10.6/MCU/ARM_GCC_Support/ewl/lib/armv6-m\libc.a(strchr.o)
 .debug_info    0x00002220       0xea C:/Users/Martina M/Documents/HSLU_PREN Projekt Beispiele/Freescale/CW MCU v10.6/MCU/ARM_GCC_Support/ewl/lib/armv6-m\libc.a(strlen.o)
 .debug_info    0x0000230a      0x136 C:/Users/Martina M/Documents/HSLU_PREN Projekt Beispiele/Freescale/CW MCU v10.6/MCU/ARM_GCC_Support/ewl/lib/armv6-m\librt.a(gcc_ctor_dtor.o)
 .debug_info    0x00002440      0x19b C:/Users/Martina M/Documents/HSLU_PREN Projekt Beispiele/Freescale/CW MCU v10.6/MCU/ARM_GCC_Support/ewl/lib/armv6-m\librt.a(ROMCopy.o)
 .debug_info    0x000025db      0x2b9 C:/Users/Martina M/Documents/HSLU_PREN Projekt Beispiele/Freescale/CW MCU v10.6/MCU/ARM_GCC_Support/ewl/lib/armv6-m\librt.a(__arm_eabi_init.o)

.debug_abbrev   0x00000000      0xf3c
 .debug_abbrev  0x00000000       0xa3 ./Generated_Code/Vectors.o
 .debug_abbrev  0x000000a3      0x111 ./Generated_Code/Cpu.o
 .debug_abbrev  0x000001b4       0x92 ./Project_Settings/Startup_Code/__arm_start.o
 .debug_abbrev  0x00000246       0x4c ./Project_Settings/Startup_Code/__arm_end.o
 .debug_abbrev  0x00000292       0x3f ./Sources/main.o
 .debug_abbrev  0x000002d1       0x3d ./Sources/Events.o
 .debug_abbrev  0x0000030e       0x7a C:/Users/Martina M/Documents/HSLU_PREN Projekt Beispiele/Freescale/CW MCU v10.6/MCU/ARM_GCC_Support/ewl/lib/armv6-m\libc.a(exit.o)
 .debug_abbrev  0x00000388       0x62 C:/Users/Martina M/Documents/HSLU_PREN Projekt Beispiele/Freescale/CW MCU v10.6/MCU/ARM_GCC_Support/ewl/lib/armv6-m\libc.a(memset.o)
 .debug_abbrev  0x000003ea      0x200 C:/Users/Martina M/Documents/HSLU_PREN Projekt Beispiele/Freescale/CW MCU v10.6/MCU/ARM_GCC_Support/ewl/lib/armv6-m\libc.a(printformat_.o)
 .debug_abbrev  0x000005ea      0x1f0 C:/Users/Martina M/Documents/HSLU_PREN Projekt Beispiele/Freescale/CW MCU v10.6/MCU/ARM_GCC_Support/ewl/lib/armv6-m\libc.a(scanformat_.o)
 .debug_abbrev  0x000007da       0x9e C:/Users/Martina M/Documents/HSLU_PREN Projekt Beispiele/Freescale/CW MCU v10.6/MCU/ARM_GCC_Support/ewl/lib/armv6-m\libc.a(ctype_aeabi.o)
 .debug_abbrev  0x00000878       0xc2 C:/Users/Martina M/Documents/HSLU_PREN Projekt Beispiele/Freescale/CW MCU v10.6/MCU/ARM_GCC_Support/ewl/lib/armv6-m\libc.a(__strtoul.o)
 .debug_abbrev  0x0000093a       0x78 C:/Users/Martina M/Documents/HSLU_PREN Projekt Beispiele/Freescale/CW MCU v10.6/MCU/ARM_GCC_Support/ewl/lib/armv6-m\libc.a(__filll_mem.o)
 .debug_abbrev  0x000009b2       0x95 C:/Users/Martina M/Documents/HSLU_PREN Projekt Beispiele/Freescale/CW MCU v10.6/MCU/ARM_GCC_Support/ewl/lib/armv6-m\libc.a(memchr.o)
 .debug_abbrev  0x00000a47       0x95 C:/Users/Martina M/Documents/HSLU_PREN Projekt Beispiele/Freescale/CW MCU v10.6/MCU/ARM_GCC_Support/ewl/lib/armv6-m\libc.a(memcpy.o)
 .debug_abbrev  0x00000adc       0x7a C:/Users/Martina M/Documents/HSLU_PREN Projekt Beispiele/Freescale/CW MCU v10.6/MCU/ARM_GCC_Support/ewl/lib/armv6-m\libc.a(strchr.o)
 .debug_abbrev  0x00000b56       0x7a C:/Users/Martina M/Documents/HSLU_PREN Projekt Beispiele/Freescale/CW MCU v10.6/MCU/ARM_GCC_Support/ewl/lib/armv6-m\libc.a(strlen.o)
 .debug_abbrev  0x00000bd0       0x99 C:/Users/Martina M/Documents/HSLU_PREN Projekt Beispiele/Freescale/CW MCU v10.6/MCU/ARM_GCC_Support/ewl/lib/armv6-m\librt.a(gcc_ctor_dtor.o)
 .debug_abbrev  0x00000c69      0x120 C:/Users/Martina M/Documents/HSLU_PREN Projekt Beispiele/Freescale/CW MCU v10.6/MCU/ARM_GCC_Support/ewl/lib/armv6-m\librt.a(ROMCopy.o)
 .debug_abbrev  0x00000d89      0x1b3 C:/Users/Martina M/Documents/HSLU_PREN Projekt Beispiele/Freescale/CW MCU v10.6/MCU/ARM_GCC_Support/ewl/lib/armv6-m\librt.a(__arm_eabi_init.o)

.debug_aranges  0x00000000      0x360
 .debug_aranges
                0x00000000       0x18 ./Generated_Code/Vectors.o
 .debug_aranges
                0x00000018       0x38 ./Generated_Code/Cpu.o
 .debug_aranges
                0x00000050       0x30 ./Project_Settings/Startup_Code/__arm_start.o
 .debug_aranges
                0x00000080       0x20 ./Project_Settings/Startup_Code/__arm_end.o
 .debug_aranges
                0x000000a0       0x20 ./Sources/main.o
 .debug_aranges
                0x000000c0       0x20 ./Sources/Events.o
 .debug_aranges
                0x000000e0       0x20 C:/Users/Martina M/Documents/HSLU_PREN Projekt Beispiele/Freescale/CW MCU v10.6/MCU/ARM_GCC_Support/ewl/lib/armv6-m\libc.a(exit.o)
 .debug_aranges
                0x00000100       0x20 C:/Users/Martina M/Documents/HSLU_PREN Projekt Beispiele/Freescale/CW MCU v10.6/MCU/ARM_GCC_Support/ewl/lib/armv6-m\libc.a(memset.o)
 .debug_aranges
                0x00000120       0x28 C:/Users/Martina M/Documents/HSLU_PREN Projekt Beispiele/Freescale/CW MCU v10.6/MCU/ARM_GCC_Support/ewl/lib/armv6-m\libc.a(printformat_.o)
 .debug_aranges
                0x00000148       0x20 C:/Users/Martina M/Documents/HSLU_PREN Projekt Beispiele/Freescale/CW MCU v10.6/MCU/ARM_GCC_Support/ewl/lib/armv6-m\libc.a(scanformat_.o)
 .debug_aranges
                0x00000168       0x88 C:/Users/Martina M/Documents/HSLU_PREN Projekt Beispiele/Freescale/CW MCU v10.6/MCU/ARM_GCC_Support/ewl/lib/armv6-m\libc.a(ctype_aeabi.o)
 .debug_aranges
                0x000001f0       0x20 C:/Users/Martina M/Documents/HSLU_PREN Projekt Beispiele/Freescale/CW MCU v10.6/MCU/ARM_GCC_Support/ewl/lib/armv6-m\libc.a(__strtoul.o)
 .debug_aranges
                0x00000210       0x20 C:/Users/Martina M/Documents/HSLU_PREN Projekt Beispiele/Freescale/CW MCU v10.6/MCU/ARM_GCC_Support/ewl/lib/armv6-m\libc.a(__filll_mem.o)
 .debug_aranges
                0x00000230       0x20 C:/Users/Martina M/Documents/HSLU_PREN Projekt Beispiele/Freescale/CW MCU v10.6/MCU/ARM_GCC_Support/ewl/lib/armv6-m\libc.a(memchr.o)
 .debug_aranges
                0x00000250       0x20 C:/Users/Martina M/Documents/HSLU_PREN Projekt Beispiele/Freescale/CW MCU v10.6/MCU/ARM_GCC_Support/ewl/lib/armv6-m\libc.a(memcpy.o)
 .debug_aranges
                0x00000270       0x20 C:/Users/Martina M/Documents/HSLU_PREN Projekt Beispiele/Freescale/CW MCU v10.6/MCU/ARM_GCC_Support/ewl/lib/armv6-m\libc.a(strchr.o)
 .debug_aranges
                0x00000290       0x20 C:/Users/Martina M/Documents/HSLU_PREN Projekt Beispiele/Freescale/CW MCU v10.6/MCU/ARM_GCC_Support/ewl/lib/armv6-m\libc.a(strlen.o)
 .debug_aranges
                0x000002b0       0x28 C:/Users/Martina M/Documents/HSLU_PREN Projekt Beispiele/Freescale/CW MCU v10.6/MCU/ARM_GCC_Support/ewl/lib/armv6-m\librt.a(gcc_ctor_dtor.o)
 .debug_aranges
                0x000002d8       0x30 C:/Users/Martina M/Documents/HSLU_PREN Projekt Beispiele/Freescale/CW MCU v10.6/MCU/ARM_GCC_Support/ewl/lib/armv6-m\librt.a(ROMCopy.o)
 .debug_aranges
                0x00000308       0x58 C:/Users/Martina M/Documents/HSLU_PREN Projekt Beispiele/Freescale/CW MCU v10.6/MCU/ARM_GCC_Support/ewl/lib/armv6-m\librt.a(__arm_eabi_init.o)

.debug_macinfo  0x00000000    0xbe4a3
 .debug_macinfo
                0x00000000    0x2dc78 ./Generated_Code/Vectors.o
 .debug_macinfo
                0x0002dc78    0x2dc78 ./Generated_Code/Cpu.o
 .debug_macinfo
                0x0005b8f0     0x3e6d ./Project_Settings/Startup_Code/__arm_start.o
 .debug_macinfo
                0x0005f75d     0x3456 ./Project_Settings/Startup_Code/__arm_end.o
 .debug_macinfo
                0x00062bb3    0x2dc78 ./Sources/main.o
 .debug_macinfo
                0x0009082b    0x2dc78 ./Sources/Events.o

.debug_line     0x00000000     0x2300
 .debug_line    0x00000000      0x398 ./Generated_Code/Vectors.o
 .debug_line    0x00000398      0x3fc ./Generated_Code/Cpu.o
 .debug_line    0x00000794      0x32b ./Project_Settings/Startup_Code/__arm_start.o
 .debug_line    0x00000abf      0x33e ./Project_Settings/Startup_Code/__arm_end.o
 .debug_line    0x00000dfd      0x314 ./Sources/main.o
 .debug_line    0x00001111      0x313 ./Sources/Events.o
 .debug_line    0x00001424       0x8d C:/Users/Martina M/Documents/HSLU_PREN Projekt Beispiele/Freescale/CW MCU v10.6/MCU/ARM_GCC_Support/ewl/lib/armv6-m\libc.a(exit.o)
 .debug_line    0x000014b1       0x90 C:/Users/Martina M/Documents/HSLU_PREN Projekt Beispiele/Freescale/CW MCU v10.6/MCU/ARM_GCC_Support/ewl/lib/armv6-m\libc.a(memset.o)
 .debug_line    0x00001541      0x2c3 C:/Users/Martina M/Documents/HSLU_PREN Projekt Beispiele/Freescale/CW MCU v10.6/MCU/ARM_GCC_Support/ewl/lib/armv6-m\libc.a(printformat_.o)
 .debug_line    0x00001804      0x2be C:/Users/Martina M/Documents/HSLU_PREN Projekt Beispiele/Freescale/CW MCU v10.6/MCU/ARM_GCC_Support/ewl/lib/armv6-m\libc.a(scanformat_.o)
 .debug_line    0x00001ac2      0x1be C:/Users/Martina M/Documents/HSLU_PREN Projekt Beispiele/Freescale/CW MCU v10.6/MCU/ARM_GCC_Support/ewl/lib/armv6-m\libc.a(ctype_aeabi.o)
 .debug_line    0x00001c80      0x11e C:/Users/Martina M/Documents/HSLU_PREN Projekt Beispiele/Freescale/CW MCU v10.6/MCU/ARM_GCC_Support/ewl/lib/armv6-m\libc.a(__strtoul.o)
 .debug_line    0x00001d9e       0xf6 C:/Users/Martina M/Documents/HSLU_PREN Projekt Beispiele/Freescale/CW MCU v10.6/MCU/ARM_GCC_Support/ewl/lib/armv6-m\libc.a(__filll_mem.o)
 .debug_line    0x00001e94       0x9f C:/Users/Martina M/Documents/HSLU_PREN Projekt Beispiele/Freescale/CW MCU v10.6/MCU/ARM_GCC_Support/ewl/lib/armv6-m\libc.a(memchr.o)
 .debug_line    0x00001f33       0x8b C:/Users/Martina M/Documents/HSLU_PREN Projekt Beispiele/Freescale/CW MCU v10.6/MCU/ARM_GCC_Support/ewl/lib/armv6-m\libc.a(memcpy.o)
 .debug_line    0x00001fbe       0x7d C:/Users/Martina M/Documents/HSLU_PREN Projekt Beispiele/Freescale/CW MCU v10.6/MCU/ARM_GCC_Support/ewl/lib/armv6-m\libc.a(strchr.o)
 .debug_line    0x0000203b       0x85 C:/Users/Martina M/Documents/HSLU_PREN Projekt Beispiele/Freescale/CW MCU v10.6/MCU/ARM_GCC_Support/ewl/lib/armv6-m\libc.a(strlen.o)
 .debug_line    0x000020c0       0x6c C:/Users/Martina M/Documents/HSLU_PREN Projekt Beispiele/Freescale/CW MCU v10.6/MCU/ARM_GCC_Support/ewl/lib/armv6-m\librt.a(gcc_ctor_dtor.o)
 .debug_line    0x0000212c       0xbd C:/Users/Martina M/Documents/HSLU_PREN Projekt Beispiele/Freescale/CW MCU v10.6/MCU/ARM_GCC_Support/ewl/lib/armv6-m\librt.a(ROMCopy.o)
 .debug_line    0x000021e9      0x117 C:/Users/Martina M/Documents/HSLU_PREN Projekt Beispiele/Freescale/CW MCU v10.6/MCU/ARM_GCC_Support/ewl/lib/armv6-m\librt.a(__arm_eabi_init.o)

.debug_str      0x00000000      0xdbe
 .debug_str     0x00000000      0x164 ./Generated_Code/Vectors.o
                                0x190 (size before relaxing)
 .debug_str     0x00000164      0x2d5 ./Generated_Code/Cpu.o
                                0x43f (size before relaxing)
 .debug_str     0x00000439       0x85 ./Project_Settings/Startup_Code/__arm_start.o
                                0x1be (size before relaxing)
 .debug_str     0x000004be       0x41 ./Project_Settings/Startup_Code/__arm_end.o
                                 0xf5 (size before relaxing)
 .debug_str     0x000004ff       0x17 ./Sources/main.o
                                0x149 (size before relaxing)
 .debug_str     0x00000516       0x21 ./Sources/Events.o
                                0x153 (size before relaxing)
 .debug_str     0x00000537       0x54 C:/Users/Martina M/Documents/HSLU_PREN Projekt Beispiele/Freescale/CW MCU v10.6/MCU/ARM_GCC_Support/ewl/lib/armv6-m\libc.a(exit.o)
                                0x157 (size before relaxing)
 .debug_str     0x0000058b       0x23 C:/Users/Martina M/Documents/HSLU_PREN Projekt Beispiele/Freescale/CW MCU v10.6/MCU/ARM_GCC_Support/ewl/lib/armv6-m\libc.a(memset.o)
                                0x140 (size before relaxing)
 .debug_str     0x000005ae      0x244 C:/Users/Martina M/Documents/HSLU_PREN Projekt Beispiele/Freescale/CW MCU v10.6/MCU/ARM_GCC_Support/ewl/lib/armv6-m\libc.a(printformat_.o)
                                0x3b3 (size before relaxing)
 .debug_str     0x000007f2      0x184 C:/Users/Martina M/Documents/HSLU_PREN Projekt Beispiele/Freescale/CW MCU v10.6/MCU/ARM_GCC_Support/ewl/lib/armv6-m\libc.a(scanformat_.o)
                                0x3f9 (size before relaxing)
 .debug_str     0x00000976       0x9d C:/Users/Martina M/Documents/HSLU_PREN Projekt Beispiele/Freescale/CW MCU v10.6/MCU/ARM_GCC_Support/ewl/lib/armv6-m\libc.a(ctype_aeabi.o)
                                0x1bc (size before relaxing)
 .debug_str     0x00000a13       0x61 C:/Users/Martina M/Documents/HSLU_PREN Projekt Beispiele/Freescale/CW MCU v10.6/MCU/ARM_GCC_Support/ewl/lib/armv6-m\libc.a(__strtoul.o)
                                0x1fb (size before relaxing)
 .debug_str     0x00000a74       0x25 C:/Users/Martina M/Documents/HSLU_PREN Projekt Beispiele/Freescale/CW MCU v10.6/MCU/ARM_GCC_Support/ewl/lib/armv6-m\libc.a(__filll_mem.o)
                                0x152 (size before relaxing)
 .debug_str     0x00000a99       0x1c C:/Users/Martina M/Documents/HSLU_PREN Projekt Beispiele/Freescale/CW MCU v10.6/MCU/ARM_GCC_Support/ewl/lib/armv6-m\libc.a(memchr.o)
                                0x148 (size before relaxing)
 .debug_str     0x00000ab5       0x1c C:/Users/Martina M/Documents/HSLU_PREN Projekt Beispiele/Freescale/CW MCU v10.6/MCU/ARM_GCC_Support/ewl/lib/armv6-m\libc.a(memcpy.o)
                                0x138 (size before relaxing)
 .debug_str     0x00000ad1       0x1c C:/Users/Martina M/Documents/HSLU_PREN Projekt Beispiele/Freescale/CW MCU v10.6/MCU/ARM_GCC_Support/ewl/lib/armv6-m\libc.a(strchr.o)
                                0x137 (size before relaxing)
 .debug_str     0x00000aed       0x1c C:/Users/Martina M/Documents/HSLU_PREN Projekt Beispiele/Freescale/CW MCU v10.6/MCU/ARM_GCC_Support/ewl/lib/armv6-m\libc.a(strlen.o)
                                0x140 (size before relaxing)
 .debug_str     0x00000b09      0x126 C:/Users/Martina M/Documents/HSLU_PREN Projekt Beispiele/Freescale/CW MCU v10.6/MCU/ARM_GCC_Support/ewl/lib/armv6-m\librt.a(gcc_ctor_dtor.o)
                                0x181 (size before relaxing)
 .debug_str     0x00000c2f       0xa1 C:/Users/Martina M/Documents/HSLU_PREN Projekt Beispiele/Freescale/CW MCU v10.6/MCU/ARM_GCC_Support/ewl/lib/armv6-m\librt.a(ROMCopy.o)
                                0x13c (size before relaxing)
 .debug_str     0x00000cd0       0xee C:/Users/Martina M/Documents/HSLU_PREN Projekt Beispiele/Freescale/CW MCU v10.6/MCU/ARM_GCC_Support/ewl/lib/armv6-m\librt.a(__arm_eabi_init.o)
                                0x1b5 (size before relaxing)

.comment        0x00000000       0x79
 .comment       0x00000000       0x79 ./Generated_Code/Vectors.o
                                 0x7a (size before relaxing)
 .comment       0x00000000       0x7a ./Generated_Code/Cpu.o
 .comment       0x00000000       0x7a ./Project_Settings/Startup_Code/__arm_start.o
 .comment       0x00000000       0x7a ./Project_Settings/Startup_Code/__arm_end.o
 .comment       0x00000000       0x7a ./Sources/main.o
 .comment       0x00000000       0x7a ./Sources/Events.o
 .comment       0x00000000       0x7a C:/Users/Martina M/Documents/HSLU_PREN Projekt Beispiele/Freescale/CW MCU v10.6/MCU/ARM_GCC_Support/ewl/lib/armv6-m\libc.a(exit.o)
 .comment       0x00000000       0x7a C:/Users/Martina M/Documents/HSLU_PREN Projekt Beispiele/Freescale/CW MCU v10.6/MCU/ARM_GCC_Support/ewl/lib/armv6-m\libc.a(memset.o)
 .comment       0x00000000       0x7a C:/Users/Martina M/Documents/HSLU_PREN Projekt Beispiele/Freescale/CW MCU v10.6/MCU/ARM_GCC_Support/ewl/lib/armv6-m\libc.a(printformat_.o)
 .comment       0x00000000       0x7a C:/Users/Martina M/Documents/HSLU_PREN Projekt Beispiele/Freescale/CW MCU v10.6/MCU/ARM_GCC_Support/ewl/lib/armv6-m\libc.a(scanformat_.o)
 .comment       0x00000000       0x7a C:/Users/Martina M/Documents/HSLU_PREN Projekt Beispiele/Freescale/CW MCU v10.6/MCU/ARM_GCC_Support/ewl/lib/armv6-m\libc.a(ctype_aeabi.o)
 .comment       0x00000000       0x7a C:/Users/Martina M/Documents/HSLU_PREN Projekt Beispiele/Freescale/CW MCU v10.6/MCU/ARM_GCC_Support/ewl/lib/armv6-m\libc.a(__strtoul.o)
 .comment       0x00000000       0x7a C:/Users/Martina M/Documents/HSLU_PREN Projekt Beispiele/Freescale/CW MCU v10.6/MCU/ARM_GCC_Support/ewl/lib/armv6-m\libc.a(__filll_mem.o)
 .comment       0x00000000       0x7a C:/Users/Martina M/Documents/HSLU_PREN Projekt Beispiele/Freescale/CW MCU v10.6/MCU/ARM_GCC_Support/ewl/lib/armv6-m\libc.a(memchr.o)
 .comment       0x00000000       0x7a C:/Users/Martina M/Documents/HSLU_PREN Projekt Beispiele/Freescale/CW MCU v10.6/MCU/ARM_GCC_Support/ewl/lib/armv6-m\libc.a(memcpy.o)
 .comment       0x00000000       0x7a C:/Users/Martina M/Documents/HSLU_PREN Projekt Beispiele/Freescale/CW MCU v10.6/MCU/ARM_GCC_Support/ewl/lib/armv6-m\libc.a(strchr.o)
 .comment       0x00000000       0x7a C:/Users/Martina M/Documents/HSLU_PREN Projekt Beispiele/Freescale/CW MCU v10.6/MCU/ARM_GCC_Support/ewl/lib/armv6-m\libc.a(strlen.o)
 .comment       0x00000000       0x7a C:/Users/Martina M/Documents/HSLU_PREN Projekt Beispiele/Freescale/CW MCU v10.6/MCU/ARM_GCC_Support/ewl/lib/armv6-m\librt.a(gcc_ctor_dtor.o)
 .comment       0x00000000       0x7a C:/Users/Martina M/Documents/HSLU_PREN Projekt Beispiele/Freescale/CW MCU v10.6/MCU/ARM_GCC_Support/ewl/lib/armv6-m\librt.a(ROMCopy.o)
 .comment       0x00000000       0x7a C:/Users/Martina M/Documents/HSLU_PREN Projekt Beispiele/Freescale/CW MCU v10.6/MCU/ARM_GCC_Support/ewl/lib/armv6-m\librt.a(__arm_eabi_init.o)

.debug_loc      0x00000000     0x2857
 .debug_loc     0x00000000       0xb0 ./Generated_Code/Cpu.o
 .debug_loc     0x000000b0       0x2c ./Project_Settings/Startup_Code/__arm_start.o
 .debug_loc     0x000000dc       0x38 ./Project_Settings/Startup_Code/__arm_end.o
 .debug_loc     0x00000114       0x2c ./Sources/main.o
 .debug_loc     0x00000140       0x2c ./Sources/Events.o
 .debug_loc     0x0000016c       0x3e C:/Users/Martina M/Documents/HSLU_PREN Projekt Beispiele/Freescale/CW MCU v10.6/MCU/ARM_GCC_Support/ewl/lib/armv6-m\libc.a(exit.o)
 .debug_loc     0x000001aa       0x6f C:/Users/Martina M/Documents/HSLU_PREN Projekt Beispiele/Freescale/CW MCU v10.6/MCU/ARM_GCC_Support/ewl/lib/armv6-m\libc.a(memset.o)
 .debug_loc     0x00000219     0x104b C:/Users/Martina M/Documents/HSLU_PREN Projekt Beispiele/Freescale/CW MCU v10.6/MCU/ARM_GCC_Support/ewl/lib/armv6-m\libc.a(printformat_.o)
 .debug_loc     0x00001264      0x9d8 C:/Users/Martina M/Documents/HSLU_PREN Projekt Beispiele/Freescale/CW MCU v10.6/MCU/ARM_GCC_Support/ewl/lib/armv6-m\libc.a(scanformat_.o)
 .debug_loc     0x00001c3c      0x30d C:/Users/Martina M/Documents/HSLU_PREN Projekt Beispiele/Freescale/CW MCU v10.6/MCU/ARM_GCC_Support/ewl/lib/armv6-m\libc.a(ctype_aeabi.o)
 .debug_loc     0x00001f49      0x305 C:/Users/Martina M/Documents/HSLU_PREN Projekt Beispiele/Freescale/CW MCU v10.6/MCU/ARM_GCC_Support/ewl/lib/armv6-m\libc.a(__strtoul.o)
 .debug_loc     0x0000224e      0x14a C:/Users/Martina M/Documents/HSLU_PREN Projekt Beispiele/Freescale/CW MCU v10.6/MCU/ARM_GCC_Support/ewl/lib/armv6-m\libc.a(__filll_mem.o)
 .debug_loc     0x00002398       0x77 C:/Users/Martina M/Documents/HSLU_PREN Projekt Beispiele/Freescale/CW MCU v10.6/MCU/ARM_GCC_Support/ewl/lib/armv6-m\libc.a(memchr.o)
 .debug_loc     0x0000240f       0x59 C:/Users/Martina M/Documents/HSLU_PREN Projekt Beispiele/Freescale/CW MCU v10.6/MCU/ARM_GCC_Support/ewl/lib/armv6-m\libc.a(memcpy.o)
 .debug_loc     0x00002468       0xaf C:/Users/Martina M/Documents/HSLU_PREN Projekt Beispiele/Freescale/CW MCU v10.6/MCU/ARM_GCC_Support/ewl/lib/armv6-m\libc.a(strchr.o)
 .debug_loc     0x00002517       0x33 C:/Users/Martina M/Documents/HSLU_PREN Projekt Beispiele/Freescale/CW MCU v10.6/MCU/ARM_GCC_Support/ewl/lib/armv6-m\libc.a(strlen.o)
 .debug_loc     0x0000254a       0x9d C:/Users/Martina M/Documents/HSLU_PREN Projekt Beispiele/Freescale/CW MCU v10.6/MCU/ARM_GCC_Support/ewl/lib/armv6-m\librt.a(gcc_ctor_dtor.o)
 .debug_loc     0x000025e7       0xd9 C:/Users/Martina M/Documents/HSLU_PREN Projekt Beispiele/Freescale/CW MCU v10.6/MCU/ARM_GCC_Support/ewl/lib/armv6-m\librt.a(ROMCopy.o)
 .debug_loc     0x000026c0      0x197 C:/Users/Martina M/Documents/HSLU_PREN Projekt Beispiele/Freescale/CW MCU v10.6/MCU/ARM_GCC_Support/ewl/lib/armv6-m\librt.a(__arm_eabi_init.o)

.debug_frame    0x00000000      0x5f4
 .debug_frame   0x00000000       0x80 ./Generated_Code/Cpu.o
 .debug_frame   0x00000080       0x4c ./Project_Settings/Startup_Code/__arm_start.o
 .debug_frame   0x000000cc       0x30 ./Project_Settings/Startup_Code/__arm_end.o
 .debug_frame   0x000000fc       0x2c ./Sources/main.o
 .debug_frame   0x00000128       0x2c ./Sources/Events.o
 .debug_frame   0x00000154       0x2c C:/Users/Martina M/Documents/HSLU_PREN Projekt Beispiele/Freescale/CW MCU v10.6/MCU/ARM_GCC_Support/ewl/lib/armv6-m\libc.a(exit.o)
 .debug_frame   0x00000180       0x28 C:/Users/Martina M/Documents/HSLU_PREN Projekt Beispiele/Freescale/CW MCU v10.6/MCU/ARM_GCC_Support/ewl/lib/armv6-m\libc.a(memset.o)
 .debug_frame   0x000001a8       0x54 C:/Users/Martina M/Documents/HSLU_PREN Projekt Beispiele/Freescale/CW MCU v10.6/MCU/ARM_GCC_Support/ewl/lib/armv6-m\libc.a(printformat_.o)
 .debug_frame   0x000001fc       0x34 C:/Users/Martina M/Documents/HSLU_PREN Projekt Beispiele/Freescale/CW MCU v10.6/MCU/ARM_GCC_Support/ewl/lib/armv6-m\libc.a(scanformat_.o)
 .debug_frame   0x00000230      0x158 C:/Users/Martina M/Documents/HSLU_PREN Projekt Beispiele/Freescale/CW MCU v10.6/MCU/ARM_GCC_Support/ewl/lib/armv6-m\libc.a(ctype_aeabi.o)
 .debug_frame   0x00000388       0x30 C:/Users/Martina M/Documents/HSLU_PREN Projekt Beispiele/Freescale/CW MCU v10.6/MCU/ARM_GCC_Support/ewl/lib/armv6-m\libc.a(__strtoul.o)
 .debug_frame   0x000003b8       0x2c C:/Users/Martina M/Documents/HSLU_PREN Projekt Beispiele/Freescale/CW MCU v10.6/MCU/ARM_GCC_Support/ewl/lib/armv6-m\libc.a(__filll_mem.o)
 .debug_frame   0x000003e4       0x28 C:/Users/Martina M/Documents/HSLU_PREN Projekt Beispiele/Freescale/CW MCU v10.6/MCU/ARM_GCC_Support/ewl/lib/armv6-m\libc.a(memchr.o)
 .debug_frame   0x0000040c       0x28 C:/Users/Martina M/Documents/HSLU_PREN Projekt Beispiele/Freescale/CW MCU v10.6/MCU/ARM_GCC_Support/ewl/lib/armv6-m\libc.a(memcpy.o)
 .debug_frame   0x00000434       0x28 C:/Users/Martina M/Documents/HSLU_PREN Projekt Beispiele/Freescale/CW MCU v10.6/MCU/ARM_GCC_Support/ewl/lib/armv6-m\libc.a(strchr.o)
 .debug_frame   0x0000045c       0x28 C:/Users/Martina M/Documents/HSLU_PREN Projekt Beispiele/Freescale/CW MCU v10.6/MCU/ARM_GCC_Support/ewl/lib/armv6-m\libc.a(strlen.o)
 .debug_frame   0x00000484       0x20 c:/users/martina m/documents/hslu_pren projekt beispiele/freescale/cw mcu v10.6/cross_tools/arm-none-eabi-gcc-4_7_3/bin/../lib/gcc/arm-none-eabi/4.7.3/armv6-m\libgcc.a(_udivsi3.o)
 .debug_frame   0x000004a4       0x40 C:/Users/Martina M/Documents/HSLU_PREN Projekt Beispiele/Freescale/CW MCU v10.6/MCU/ARM_GCC_Support/ewl/lib/armv6-m\librt.a(gcc_ctor_dtor.o)
 .debug_frame   0x000004e4       0x54 C:/Users/Martina M/Documents/HSLU_PREN Projekt Beispiele/Freescale/CW MCU v10.6/MCU/ARM_GCC_Support/ewl/lib/armv6-m\librt.a(ROMCopy.o)
 .debug_frame   0x00000538       0xbc C:/Users/Martina M/Documents/HSLU_PREN Projekt Beispiele/Freescale/CW MCU v10.6/MCU/ARM_GCC_Support/ewl/lib/armv6-m\librt.a(__arm_eabi_init.o)
