Archive member included because of file (symbol)

C:/Users/Martina M/Documents/HSLU_PREN Projekt Beispiele/Freescale/CW MCU v10.6/MCU/ARM_GCC_Support/ewl/lib/armv6-m\libc.a(exit.o)
                              ./Project_Settings/Startup_Code/__arm_start.o (exit)
C:/Users/Martina M/Documents/HSLU_PREN Projekt Beispiele/Freescale/CW MCU v10.6/MCU/ARM_GCC_Support/ewl/lib/armv6-m\libc.a(memcpy.o)
                              ./Generated_Code/queue.o (memcpy)
C:/Users/Martina M/Documents/HSLU_PREN Projekt Beispiele/Freescale/CW MCU v10.6/MCU/ARM_GCC_Support/ewl/lib/armv6-m\libc.a(memset.o)
                              ./Generated_Code/tasks.o (memset)
C:/Users/Martina M/Documents/HSLU_PREN Projekt Beispiele/Freescale/CW MCU v10.6/MCU/ARM_GCC_Support/ewl/lib/armv6-m\libc.a(strchr.o)
                              ./Generated_Code/UTIL1.o (strchr)
C:/Users/Martina M/Documents/HSLU_PREN Projekt Beispiele/Freescale/CW MCU v10.6/MCU/ARM_GCC_Support/ewl/lib/armv6-m\libc.a(strlen.o)
                              ./Generated_Code/UTIL1.o (strlen)
C:/Users/Martina M/Documents/HSLU_PREN Projekt Beispiele/Freescale/CW MCU v10.6/MCU/ARM_GCC_Support/ewl/lib/armv6-m\libc.a(strncmp.o)
                              ./Generated_Code/UTIL1.o (strncmp)
C:/Users/Martina M/Documents/HSLU_PREN Projekt Beispiele/Freescale/CW MCU v10.6/MCU/ARM_GCC_Support/ewl/lib/armv6-m\libc.a(printformat_.o)
                              (__pformatter_)
C:/Users/Martina M/Documents/HSLU_PREN Projekt Beispiele/Freescale/CW MCU v10.6/MCU/ARM_GCC_Support/ewl/lib/armv6-m\libc.a(scanformat_.o)
                              (__sformatter)
C:/Users/Martina M/Documents/HSLU_PREN Projekt Beispiele/Freescale/CW MCU v10.6/MCU/ARM_GCC_Support/ewl/lib/armv6-m\libc.a(ctype_aeabi.o)
                              C:/Users/Martina M/Documents/HSLU_PREN Projekt Beispiele/Freescale/CW MCU v10.6/MCU/ARM_GCC_Support/ewl/lib/armv6-m\libc.a(scanformat_.o) (isspace)
C:/Users/Martina M/Documents/HSLU_PREN Projekt Beispiele/Freescale/CW MCU v10.6/MCU/ARM_GCC_Support/ewl/lib/armv6-m\libc.a(__strtoul.o)
                              C:/Users/Martina M/Documents/HSLU_PREN Projekt Beispiele/Freescale/CW MCU v10.6/MCU/ARM_GCC_Support/ewl/lib/armv6-m\libc.a(scanformat_.o) (__strtoul)
C:/Users/Martina M/Documents/HSLU_PREN Projekt Beispiele/Freescale/CW MCU v10.6/MCU/ARM_GCC_Support/ewl/lib/armv6-m\libc.a(__filll_mem.o)
                              C:/Users/Martina M/Documents/HSLU_PREN Projekt Beispiele/Freescale/CW MCU v10.6/MCU/ARM_GCC_Support/ewl/lib/armv6-m\libc.a(memset.o) (__fill_mem)
C:/Users/Martina M/Documents/HSLU_PREN Projekt Beispiele/Freescale/CW MCU v10.6/MCU/ARM_GCC_Support/ewl/lib/armv6-m\libc.a(memchr.o)
                              C:/Users/Martina M/Documents/HSLU_PREN Projekt Beispiele/Freescale/CW MCU v10.6/MCU/ARM_GCC_Support/ewl/lib/armv6-m\libc.a(printformat_.o) (memchr)
c:/users/martina m/documents/hslu_pren projekt beispiele/freescale/cw mcu v10.6/cross_tools/arm-none-eabi-gcc-4_7_3/bin/../lib/gcc/arm-none-eabi/4.7.3/armv6-m\libgcc.a(_thumb1_case_sqi.o)
                              C:/Users/Martina M/Documents/HSLU_PREN Projekt Beispiele/Freescale/CW MCU v10.6/MCU/ARM_GCC_Support/ewl/lib/armv6-m\libc.a(__strtoul.o) (__gnu_thumb1_case_sqi)
c:/users/martina m/documents/hslu_pren projekt beispiele/freescale/cw mcu v10.6/cross_tools/arm-none-eabi-gcc-4_7_3/bin/../lib/gcc/arm-none-eabi/4.7.3/armv6-m\libgcc.a(_thumb1_case_uqi.o)
                              C:/Users/Martina M/Documents/HSLU_PREN Projekt Beispiele/Freescale/CW MCU v10.6/MCU/ARM_GCC_Support/ewl/lib/armv6-m\libc.a(scanformat_.o) (__gnu_thumb1_case_uqi)
c:/users/martina m/documents/hslu_pren projekt beispiele/freescale/cw mcu v10.6/cross_tools/arm-none-eabi-gcc-4_7_3/bin/../lib/gcc/arm-none-eabi/4.7.3/armv6-m\libgcc.a(_udivsi3.o)
                              ./Generated_Code/UTIL1.o (__aeabi_uidiv)
c:/users/martina m/documents/hslu_pren projekt beispiele/freescale/cw mcu v10.6/cross_tools/arm-none-eabi-gcc-4_7_3/bin/../lib/gcc/arm-none-eabi/4.7.3/armv6-m\libgcc.a(_divsi3.o)
                              ./Generated_Code/UTIL1.o (__aeabi_idiv)
c:/users/martina m/documents/hslu_pren projekt beispiele/freescale/cw mcu v10.6/cross_tools/arm-none-eabi-gcc-4_7_3/bin/../lib/gcc/arm-none-eabi/4.7.3/armv6-m\libgcc.a(_dvmd_tls.o)
                              c:/users/martina m/documents/hslu_pren projekt beispiele/freescale/cw mcu v10.6/cross_tools/arm-none-eabi-gcc-4_7_3/bin/../lib/gcc/arm-none-eabi/4.7.3/armv6-m\libgcc.a(_udivsi3.o) (__aeabi_idiv0)
c:/users/martina m/documents/hslu_pren projekt beispiele/freescale/cw mcu v10.6/cross_tools/arm-none-eabi-gcc-4_7_3/bin/../lib/gcc/arm-none-eabi/4.7.3/armv6-m\libgcc.a(_arm_cmpsf2.o)
                              ./Generated_Code/UTIL1.o (__aeabi_fcmplt)
c:/users/martina m/documents/hslu_pren projekt beispiele/freescale/cw mcu v10.6/cross_tools/arm-none-eabi-gcc-4_7_3/bin/../lib/gcc/arm-none-eabi/4.7.3/armv6-m\libgcc.a(_fixunssfsi.o)
[...]
Memory Configuration

Name             Origin             Length             Attributes
m_interrupts     0x00000000         0x000000c0         xr
m_text           0x00000410         0x0001fbf0         xr
m_data           0x1ffff000         0x00004000         rw
m_cfmprotrom     0x00000400         0x00000010         xr
*default*        0x00000000         0xffffffff

Linker script and memory map

LOAD ./Generated_Code/timers.o
LOAD ./Generated_Code/tasks.o
LOAD ./Generated_Code/queue.o
LOAD ./Generated_Code/portasm.o
LOAD ./Generated_Code/port.o
LOAD ./Generated_Code/list.o
LOAD ./Generated_Code/heap_5.o
LOAD ./Generated_Code/heap_4.o
LOAD ./Generated_Code/heap_3.o
LOAD ./Generated_Code/heap_2.o
LOAD ./Generated_Code/heap_1.o
LOAD ./Generated_Code/event_groups.o
LOAD ./Generated_Code/croutine.o
LOAD ./Generated_Code/WAIT1.o
LOAD ./Generated_Code/Vectors.o
LOAD ./Generated_Code/UTIL1.o
LOAD ./Generated_Code/Test.o
LOAD ./Generated_Code/TU1.o
LOAD ./Generated_Code/PwmLdd1.o
LOAD ./Generated_Code/PWM_R.o
LOAD ./Generated_Code/PE_LDD.o
LOAD ./Generated_Code/KSDK1.o
LOAD ./Generated_Code/FRTOS1.o
LOAD ./Generated_Code/DIR.o
LOAD ./Generated_Code/Cpu.o
LOAD ./Project_Settings/Startup_Code/__arm_start.o
LOAD ./Project_Settings/Startup_Code/__arm_end.o
LOAD ./Sources/sa_mtb.o
LOAD ./Sources/main.o
LOAD ./Sources/TestFreeRTOS.o
LOAD ./Sources/Motor.o
LOAD ./Sources/Events.o
                0x00001ad0                __pformatter = __pformatter_
                [0x00001ef8]                __sformatter = __sformatter
START GROUP
LOAD C:/Users/Martina M/Documents/HSLU_PREN Projekt Beispiele/Freescale/CW MCU v10.6/MCU/ARM_GCC_Support/ewl/lib/armv6-m\libc.a
LOAD C:/Users/Martina M/Documents/HSLU_PREN Projekt Beispiele/Freescale/CW MCU v10.6/MCU/ARM_GCC_Support/ewl/lib/armv6-m\libm.a
LOAD c:/users/martina m/documents/hslu_pren projekt beispiele/freescale/cw mcu v10.6/cross_tools/arm-none-eabi-gcc-4_7_3/bin/../lib/gcc/arm-none-eabi/4.7.3/armv6-m\libgcc.a
LOAD C:/Users/Martina M/Documents/HSLU_PREN Projekt Beispiele/Freescale/CW MCU v10.6/MCU/ARM_GCC_Support/ewl/lib/armv6-m\librt.a
LOAD C:/Users/Martina M/Documents/HSLU_PREN Projekt Beispiele/Freescale/CW MCU v10.6/MCU/ARM_GCC_Support/ewl/lib/armv6-m\libuart.a
END GROUP
                0x20003000                _estack = 0x20003000
                0x20003000                __SP_INIT = _estack
                0x00000000                __heap_size = 0x0
                0x00000400                __stack_size = 0x400

.interrupts     0x00000000       0xc0
                0x00000000                __vector_table = .
                0x00000000                . = ALIGN (0x4)
 *(.vectortable)
 .vectortable   0x00000000       0xc0 ./Generated_Code/Vectors.o
                0x00000000                __vect_table
                0x000000c0                . = ALIGN (0x4)

.cfmprotect     0x00000400       0x10
                0x00000400                . = ALIGN (0x4)
 *(.cfmconfig)
 .cfmconfig     0x00000400       0x10 ./Generated_Code/Cpu.o
                0x00000400                _cfm
                0x00000410                . = ALIGN (0x4)

.text           0x00000410     0x268c
                0x00000410                . = ALIGN (0x4)
 *(.text)
 .text          0x00000410       0x14 c:/users/martina m/documents/hslu_pren projekt beispiele/freescale/cw mcu v10.6/cross_tools/arm-none-eabi-gcc-4_7_3/bin/../lib/gcc/arm-none-eabi/4.7.3/armv6-m\libgcc.a(_thumb1_case_sqi.o)
                0x00000410                __gnu_thumb1_case_sqi
 .text          0x00000424       0x14 c:/users/martina m/documents/hslu_pren projekt beispiele/freescale/cw mcu v10.6/cross_tools/arm-none-eabi-gcc-4_7_3/bin/../lib/gcc/arm-none-eabi/4.7.3/armv6-m\libgcc.a(_thumb1_case_uqi.o)
                0x00000424                __gnu_thumb1_case_uqi
 .text          0x00000438       0x9c c:/users/martina m/documents/hslu_pren projekt beispiele/freescale/cw mcu v10.6/cross_tools/arm-none-eabi-gcc-4_7_3/bin/../lib/gcc/arm-none-eabi/4.7.3/armv6-m\libgcc.a(_udivsi3.o)
                0x00000438                __aeabi_uidiv
                0x00000438                __udivsi3
                0x000004c0                __aeabi_uidivmod
 .text          0x000004d4        0x4 c:/users/martina m/documents/hslu_pren projekt beispiele/freescale/cw mcu v10.6/cross_tools/arm-none-eabi-gcc-4_7_3/bin/../lib/gcc/arm-none-eabi/4.7.3/armv6-m\libgcc.a(_dvmd_tls.o)
                0x000004d4                __aeabi_idiv0
                0x000004d4                __aeabi_ldiv0
 *(.text*)
 .text.xTaskCreate
                0x000004d8       0x90 ./Generated_Code/tasks.o
                0x000004d8                xTaskCreate
 .text.prvInitialiseNewTask
                0x00000568      0x104 ./Generated_Code/tasks.o
 .text.prvAddNewTaskToReadyList
                0x0000066c       0xc4 ./Generated_Code/tasks.o
 .text.vTaskStartScheduler
                0x00000730       0x6c ./Generated_Code/tasks.o
                0x00000730                vTaskStartScheduler
 .text.vTaskSuspendAll
                0x0000079c       0x18 ./Generated_Code/tasks.o
                0x0000079c                vTaskSuspendAll
 .text.xTaskResumeAll
                0x000007b4      0x118 ./Generated_Code/tasks.o
                0x000007b4                xTaskResumeAll
 .text.xTaskIncrementTick
                0x000008cc      0x17c ./Generated_Code/tasks.o
                0x000008cc                xTaskIncrementTick
 .text.vTaskSwitchContext
                0x00000a48       0xc4 ./Generated_Code/tasks.o
                0x00000a48                vTaskSwitchContext
 .text.prvIdleTask
                0x00000b0c       0x24 ./Generated_Code/tasks.o
 .text.prvInitialiseTaskLists
                0x00000b30       0x7c ./Generated_Code/tasks.o
 .text.prvCheckTasksWaitingTermination
                0x00000bac        0x8 ./Generated_Code/tasks.o
 .text.prvResetNextTaskUnblockTime
                0x00000bb4       0x44 ./Generated_Code/tasks.o
 .text.pxPortInitialiseStack
                0x00000bf8       0x50 ./Generated_Code/port.o
                0x00000bf8                pxPortInitialiseStack
 .text.vPortInitTickTimer
                0x00000c48       0x44 ./Generated_Code/port.o
                0x00000c48                vPortInitTickTimer
 .text.vPortStartTickTimer
                0x00000c8c       0x14 ./Generated_Code/port.o
                0x00000c8c                vPortStartTickTimer
 .text.vPortStopTickTimer
                0x00000ca0       0x14 ./Generated_Code/port.o
                0x00000ca0                vPortStopTickTimer
 .text.xPortStartScheduler
                0x00000cb4       0x34 ./Generated_Code/port.o
                0x00000cb4                xPortStartScheduler
 .text.vPortEnterCritical
                0x00000ce8       0x20 ./Generated_Code/port.o
                0x00000ce8                vPortEnterCritical
 .text.vPortExitCritical
                0x00000d08       0x20 ./Generated_Code/port.o
                0x00000d08                vPortExitCritical
 .text.vPortYieldFromISR
                0x00000d28       0x1c ./Generated_Code/port.o
                0x00000d28                vPortYieldFromISR
 .text.vPortTickHandler
                0x00000d44       0x1c ./Generated_Code/port.o
                0x00000d44                vPortTickHandler
 .text.vPortStartFirstTask
                0x00000d60       0x50 ./Generated_Code/port.o
                0x00000d60                vPortStartFirstTask
 .text.vPortSVCHandler
                0x00000db0        0x0 ./Generated_Code/port.o
                0x00000db0                vPortSVCHandler
 .text.vPortPendSVHandler
                0x00000db0       0x44 ./Generated_Code/port.o
                0x00000db0                vPortPendSVHandler
 .text.vListInitialise
                0x00000df4       0x3c ./Generated_Code/list.o
                0x00000df4                vListInitialise
 .text.vListInitialiseItem
                0x00000e30       0x14 ./Generated_Code/list.o
                0x00000e30                vListInitialiseItem
 .text.vListInsertEnd
                0x00000e44       0x44 ./Generated_Code/list.o
                0x00000e44                vListInsertEnd
 .text.uxListRemove
                0x00000e88       0x50 ./Generated_Code/list.o
                0x00000e88                uxListRemove
 .text.pvPortMalloc
                0x00000ed8      0x160 ./Generated_Code/heap_4.o
                0x00000ed8                pvPortMalloc
 .text.vPortFree
                0x00001038       0x94 ./Generated_Code/heap_4.o
                0x00001038                vPortFree
 .text.prvHeapInit
                0x000010cc       0xc4 ./Generated_Code/heap_4.o
 .text.prvInsertBlockIntoFreeList
                0x00001190       0xac ./Generated_Code/heap_4.o
 .text.WAIT1_Wait10Cycles
                0x0000123c        0x8 ./Generated_Code/WAIT1.o
                0x0000123c                WAIT1_Wait10Cycles
 .text.WAIT1_Wait100Cycles
                0x00001244       0x24 ./Generated_Code/WAIT1.o
                0x00001244                WAIT1_Wait100Cycles
 .text.WAIT1_WaitCycles
                0x00001268       0x44 ./Generated_Code/WAIT1.o
                0x00001268                WAIT1_WaitCycles
 .text.WAIT1_WaitLongCycles
                0x000012ac       0x3c ./Generated_Code/WAIT1.o
                0x000012ac                WAIT1_WaitLongCycles
 .text.WAIT1_Waitms
                0x000012e8       0x38 ./Generated_Code/WAIT1.o
                0x000012e8                WAIT1_Waitms
 .text.Test_Init
                0x00001320       0x60 ./Generated_Code/Test.o
                0x00001320                Test_Init
 .text.Test_ClrVal
                0x00001380       0x18 ./Generated_Code/Test.o
                0x00001380                Test_ClrVal
 .text.Test_SetVal
                0x00001398       0x18 ./Generated_Code/Test.o
                0x00001398                Test_SetVal
 .text.TU1_Init
                0x000013b0       0xc4 ./Generated_Code/TU1.o
                0x000013b0                TU1_Init
 .text.PwmLdd1_Init
                0x00001474       0x58 ./Generated_Code/PwmLdd1.o
                0x00001474                PwmLdd1_Init
 .text.DIR_Init
                0x000014cc       0x60 ./Generated_Code/DIR.o
                0x000014cc                DIR_Init
 .text.DIR_ClrVal
                0x0000152c       0x18 ./Generated_Code/DIR.o
                0x0000152c                DIR_ClrVal
 .text.DIR_SetVal
                0x00001544       0x18 ./Generated_Code/DIR.o
                0x00001544                DIR_SetVal
 .text.Cpu_INT_NMIInterrupt
                0x0000155c        0xc ./Generated_Code/Cpu.o
                0x0000155c                Cpu_INT_NMIInterrupt
 .text.Cpu_Interrupt
                0x00001568        0xc ./Generated_Code/Cpu.o
                0x00001568                Cpu_Interrupt
 .text.__init_hardware
                0x00001574      0x110 ./Generated_Code/Cpu.o
                0x00001574                __init_hardware
 .text.PE_low_level_init
                0x00001684       0xe0 ./Generated_Code/Cpu.o
                0x00001684                PE_low_level_init
 .text.zero_fill_bss
                0x00001764       0x24 ./Project_Settings/Startup_Code/__arm_start.o
 .text.__thumb_startup
                0x00001788       0x30 ./Project_Settings/Startup_Code/__arm_start.o
                0x00001788                __thumb_startup
 .text._ExitProcess
                0x000017b8        0xc ./Project_Settings/Startup_Code/__arm_end.o
                0x000017b8                _ExitProcess
 .text.main     0x000017c4       0x64 ./Sources/main.o
                0x000017c4                main
 .text.Task1    0x00001828       0x2c ./Sources/TestFreeRTOS.o
                0x00001828                Task1
 .text.Motor    0x00001854       0x2c ./Sources/TestFreeRTOS.o
                0x00001854                Motor
 .text.Cpu_OnNMIINT
                0x00001880        0x8 ./Sources/Events.o
                0x00001880                Cpu_OnNMIINT
 .text.FRTOS1_vApplicationStackOverflowHook
                0x00001888       0x10 ./Sources/Events.o
                0x00001888                FRTOS1_vApplicationStackOverflowHook
 .text.FRTOS1_vApplicationTickHook
                0x00001898        0x8 ./Sources/Events.o
                0x00001898                FRTOS1_vApplicationTickHook
 .text.FRTOS1_vApplicationIdleHook
                0x000018a0        0x8 ./Sources/Events.o
                0x000018a0                FRTOS1_vApplicationIdleHook
 .text.FRTOS1_vApplicationMallocFailedHook
                0x000018a8        0x8 ./Sources/Events.o
                0x000018a8                FRTOS1_vApplicationMallocFailedHook
 .text.exit     0x000018b0       0x38 C:/Users/Martina M/Documents/HSLU_PREN Projekt Beispiele/Freescale/CW MCU v10.6/MCU/ARM_GCC_Support/ewl/lib/armv6-m\libc.a(exit.o)
                0x000018b0                exit
 .text.memcpy   0x000018e8       0x12 C:/Users/Martina M/Documents/HSLU_PREN Projekt Beispiele/Freescale/CW MCU v10.6/MCU/ARM_GCC_Support/ewl/lib/armv6-m\libc.a(memcpy.o)
                0x000018e8                memcpy
 .text.memset   0x000018fa        0xc C:/Users/Martina M/Documents/HSLU_PREN Projekt Beispiele/Freescale/CW MCU v10.6/MCU/ARM_GCC_Support/ewl/lib/armv6-m\libc.a(memset.o)
                0x000018fa                memset
 .text.strchr   0x00001906       0x1e C:/Users/Martina M/Documents/HSLU_PREN Projekt Beispiele/Freescale/CW MCU v10.6/MCU/ARM_GCC_Support/ewl/lib/armv6-m\libc.a(strchr.o)
                0x00001906                strchr
 .text.strlen   0x00001924       0x10 C:/Users/Martina M/Documents/HSLU_PREN Projekt Beispiele/Freescale/CW MCU v10.6/MCU/ARM_GCC_Support/ewl/lib/armv6-m\libc.a(strlen.o)
                0x00001924                strlen
 .text.long2str.isra.0
                0x00001934      0x19c C:/Users/Martina M/Documents/HSLU_PREN Projekt Beispiele/Freescale/CW MCU v10.6/MCU/ARM_GCC_Support/ewl/lib/armv6-m\libc.a(printformat_.o)
 .text.__pformatter_
                0x00001ad0      0x428 C:/Users/Martina M/Documents/HSLU_PREN Projekt Beispiele/Freescale/CW MCU v10.6/MCU/ARM_GCC_Support/ewl/lib/armv6-m\libc.a(printformat_.o)
                0x00001ad0                __pformatter_
 .text.__sformatter
                0x00001ef8      0x698 C:/Users/Martina M/Documents/HSLU_PREN Projekt Beispiele/Freescale/CW MCU v10.6/MCU/ARM_GCC_Support/ewl/lib/armv6-m\libc.a(scanformat_.o)
                0x00001ef8                __sformatter
 .text.isalpha  0x00002590       0x20 C:/Users/Martina M/Documents/HSLU_PREN Projekt Beispiele/Freescale/CW MCU v10.6/MCU/ARM_GCC_Support/ewl/lib/armv6-m\libc.a(ctype_aeabi.o)
                0x00002590                isalpha
 .text.isspace  0x000025b0       0x20 C:/Users/Martina M/Documents/HSLU_PREN Projekt Beispiele/Freescale/CW MCU v10.6/MCU/ARM_GCC_Support/ewl/lib/armv6-m\libc.a(ctype_aeabi.o)
                0x000025b0                isspace
 .text.toupper  0x000025d0        0xe C:/Users/Martina M/Documents/HSLU_PREN Projekt Beispiele/Freescale/CW MCU v10.6/MCU/ARM_GCC_Support/ewl/lib/armv6-m\libc.a(ctype_aeabi.o)
                0x000025d0                toupper
 .text.__strtoul
                0x000025de      0x1ce C:/Users/Martina M/Documents/HSLU_PREN Projekt Beispiele/Freescale/CW MCU v10.6/MCU/ARM_GCC_Support/ewl/lib/armv6-m\libc.a(__strtoul.o)
                0x000025de                __strtoul
 .text.__fill_mem
                0x000027ac       0x7e C:/Users/Martina M/Documents/HSLU_PREN Projekt Beispiele/Freescale/CW MCU v10.6/MCU/ARM_GCC_Support/ewl/lib/armv6-m\libc.a(__filll_mem.o)
                0x000027ac                __fill_mem
 .text.memchr   0x0000282a       0x1a C:/Users/Martina M/Documents/HSLU_PREN Projekt Beispiele/Freescale/CW MCU v10.6/MCU/ARM_GCC_Support/ewl/lib/armv6-m\libc.a(memchr.o)
                0x0000282a                memchr
 .text.__init_cpp
                0x00002844       0x48 C:/Users/Martina M/Documents/HSLU_PREN Projekt Beispiele/Freescale/CW MCU v10.6/MCU/ARM_GCC_Support/ewl/lib/armv6-m\librt.a(gcc_ctor_dtor.o)
                0x00002844                __init_cpp
 .text.__fini_cpp
                0x0000288c       0x34 C:/Users/Martina M/Documents/HSLU_PREN Projekt Beispiele/Freescale/CW MCU v10.6/MCU/ARM_GCC_Support/ewl/lib/armv6-m\librt.a(gcc_ctor_dtor.o)
                0x0000288c                __fini_cpp
 .text.__copy_rom_section
                0x000028c0       0x48 C:/Users/Martina M/Documents/HSLU_PREN Projekt Beispiele/Freescale/CW MCU v10.6/MCU/ARM_GCC_Support/ewl/lib/armv6-m\librt.a(ROMCopy.o)
                0x000028c0                __copy_rom_section
 .text.__copy_rom_sections_to_ram
                0x00002908       0x34 C:/Users/Martina M/Documents/HSLU_PREN Projekt Beispiele/Freescale/CW MCU v10.6/MCU/ARM_GCC_Support/ewl/lib/armv6-m\librt.a(ROMCopy.o)
                0x00002908                __copy_rom_sections_to_ram
 .text.__destroy_global_chain
                0x0000293c       0x1c C:/Users/Martina M/Documents/HSLU_PREN Projekt Beispiele/Freescale/CW MCU v10.6/MCU/ARM_GCC_Support/ewl/lib/armv6-m\librt.a(__arm_eabi_init.o)
                0x0000293c                __destroy_global_chain
 .text.__init_registers
                0x00002958       0x1c C:/Users/Martina M/Documents/HSLU_PREN Projekt Beispiele/Freescale/CW MCU v10.6/MCU/ARM_GCC_Support/ewl/lib/armv6-m\librt.a(__arm_eabi_init.o)
                0x00002958                __init_registers
 .text.__init_user
                0x00002974        0x4 C:/Users/Martina M/Documents/HSLU_PREN Projekt Beispiele/Freescale/CW MCU v10.6/MCU/ARM_GCC_Support/ewl/lib/armv6-m\librt.a(__arm_eabi_init.o)
                0x00002974                __init_user
 *(.rodata)
 .rodata        0x00002978        0x8 ./Generated_Code/tasks.o
 .rodata        0x00002980       0x10 ./Sources/main.o
 *(.rodata*)
 .rodata.str1.1
                0x00002990        0x1 C:/Users/Martina M/Documents/HSLU_PREN Projekt Beispiele/Freescale/CW MCU v10.6/MCU/ARM_GCC_Support/ewl/lib/armv6-m\libc.a(printformat_.o)
 .rodata.CSWTCH.20
                0x00002991        0x5 C:/Users/Martina M/Documents/HSLU_PREN Projekt Beispiele/Freescale/CW MCU v10.6/MCU/ARM_GCC_Support/ewl/lib/armv6-m\libc.a(printformat_.o)
 .rodata.CSWTCH.21
                0x00002996        0x5 C:/Users/Martina M/Documents/HSLU_PREN Projekt Beispiele/Freescale/CW MCU v10.6/MCU/ARM_GCC_Support/ewl/lib/armv6-m\libc.a(printformat_.o)
 .rodata.__aeabi_ctype_table_C
                0x0000299b      0x101 C:/Users/Martina M/Documents/HSLU_PREN Projekt Beispiele/Freescale/CW MCU v10.6/MCU/ARM_GCC_Support/ewl/lib/armv6-m\libc.a(ctype_aeabi.o)
                0x0000299b                __aeabi_ctype_table_C
 *(.glue_7)
 .glue_7        0x00000000        0x0 linker stubs
 *(.glue_7t)
 .glue_7t       0x00000000        0x0 linker stubs
 *(.eh_frame)
 *(.init)
 *(.fini)
                0x00002a9c                . = ALIGN (0x4)
                0x00002a9c                _etext = .

.vfp11_veneer   0x00002a9c        0x0
 .vfp11_veneer  0x00000000        0x0 linker stubs

.v4_bx          0x00002a9c        0x0
 .v4_bx         0x00000000        0x0 linker stubs

.iplt           0x00002a9c        0x0
 .iplt          0x00000000        0x0 ./Generated_Code/timers.o

.rel.dyn        0x00002a9c        0x0
 .rel.iplt      0x00000000        0x0 ./Generated_Code/timers.o

.ARM.extab
 *(.ARM.extab* .gnu.linkonce.armextab.*)

.ARM            0x00002a9c        0x0
                0x00002a9c                __exidx_start = .
 *(.ARM.exidx*)
                0x00002a9c                __exidx_end = .

.ctors          0x00002a9c        0x0
                0x00002a9c                __CTOR_LIST__ = .
 *crtbegin.o(.ctors)
 *(EXCLUDE_FILE(*crtend.o) .ctors)
 *(SORT(.ctors.*))
 *(.ctors)
                0x00002a9c                __CTOR_END__ = .

.dtors          0x00002a9c        0x0
                0x00002a9c                __DTOR_LIST__ = .
 *crtbegin.o(.dtors)
 *(EXCLUDE_FILE(*crtend.o) .dtors)
 *(SORT(.dtors.*))
 *(.dtors)
                0x00002a9c                __DTOR_END__ = .

.preinit_array  0x00002a9c        0x0
                0x00002a9c                PROVIDE (__preinit_array_start, .)
 *(.preinit_array*)
                0x00002a9c                PROVIDE (__preinit_array_end, .)

.init_array     0x00002a9c        0x0
                0x00002a9c                PROVIDE (__init_array_start, .)
 *(SORT(.init_array.*))
 *(.init_array*)
                0x00002a9c                PROVIDE (__init_array_end, .)

.fini_array     0x00002a9c        0x0
                0x00002a9c                PROVIDE (__fini_array_start, .)
 *(SORT(.fini_array.*))
 *(.fini_array*)
                0x00002a9c                PROVIDE (__fini_array_end, .)
                0x00002a9c                ___ROM_AT = .

.mtb            0x1ffff000        0x0
                0x1ffff000                . = ALIGN (0x8)
                0x1ffff000                _mtb_start = .
 *(.mtb_buf)
                0x1ffff000                . = ALIGN (0x8)
                0x1ffff000                _mtb_end = .

.data           0x1ffff000        0xc load address 0x00002a9c
                0x1ffff000                . = ALIGN (0x4)
                0x1ffff000                _sdata = .
 *(.data)
 *(.data*)
 .data.uxCriticalNesting
                0x1ffff000        0x4 ./Generated_Code/port.o
 .data.uxTopUsedPriority
                0x1ffff004        0x4 ./Generated_Code/port.o
                0x1ffff004                uxTopUsedPriority
 .data.xHeapStructSize
                0x1ffff008        0x4 ./Generated_Code/heap_4.o
                0x1ffff00c                . = ALIGN (0x4)
                0x1ffff00c                _edata = .
                0x0000000c                ___data_size = (_edata - _sdata)

.igot.plt       0x1ffff00c        0x0 load address 0x00002aa8
 .igot.plt      0x00000000        0x0 ./Generated_Code/timers.o
                0x1ffff00c                . = ALIGN (0x4)

.bss            0x1ffff00c      0x960 load address 0x00002aa8
                0x1ffff00c                __START_BSS = .
                0x1ffff00c                PROVIDE (__bss_start__, __START_BSS)
 *(.bss)
 *(.bss*)
 .bss.pxCurrentTCB
                0x1ffff00c        0x4 ./Generated_Code/tasks.o
                0x1ffff00c                pxCurrentTCB
 .bss.pxReadyTasksLists
                0x1ffff010       0x78 ./Generated_Code/tasks.o
 .bss.xDelayedTaskList1
                0x1ffff088       0x14 ./Generated_Code/tasks.o
 .bss.xDelayedTaskList2
                0x1ffff09c       0x14 ./Generated_Code/tasks.o
 .bss.pxDelayedTaskList
                0x1ffff0b0        0x4 ./Generated_Code/tasks.o
 .bss.pxOverflowDelayedTaskList
                0x1ffff0b4        0x4 ./Generated_Code/tasks.o
 .bss.xPendingReadyList
                0x1ffff0b8       0x14 ./Generated_Code/tasks.o
 .bss.xSuspendedTaskList
                0x1ffff0cc       0x14 ./Generated_Code/tasks.o
 .bss.uxCurrentNumberOfTasks
                0x1ffff0e0        0x4 ./Generated_Code/tasks.o
 .bss.xTickCount
                0x1ffff0e4        0x4 ./Generated_Code/tasks.o
 .bss.uxTopReadyPriority
                0x1ffff0e8        0x4 ./Generated_Code/tasks.o
 .bss.xSchedulerRunning
                0x1ffff0ec        0x4 ./Generated_Code/tasks.o
 .bss.uxPendedTicks
                0x1ffff0f0        0x4 ./Generated_Code/tasks.o
 .bss.xYieldPending
                0x1ffff0f4        0x4 ./Generated_Code/tasks.o
 .bss.xNumOfOverflows
                0x1ffff0f8        0x4 ./Generated_Code/tasks.o
 .bss.uxTaskNumber
                0x1ffff0fc        0x4 ./Generated_Code/tasks.o
 .bss.xNextTaskUnblockTime
                0x1ffff100        0x4 ./Generated_Code/tasks.o
 .bss.xIdleTaskHandle
                0x1ffff104        0x4 ./Generated_Code/tasks.o
 .bss.uxSchedulerSuspended
                0x1ffff108        0x4 ./Generated_Code/tasks.o
 .bss.ucHeap    0x1ffff10c      0x800 ./Generated_Code/heap_4.o
 .bss.xStart    0x1ffff90c        0x8 ./Generated_Code/heap_4.o
 .bss.pxEnd     0x1ffff914        0x4 ./Generated_Code/heap_4.o
 .bss.xFreeBytesRemaining
                0x1ffff918        0x4 ./Generated_Code/heap_4.o
 .bss.xMinimumEverFreeBytesRemaining
                0x1ffff91c        0x4 ./Generated_Code/heap_4.o
 .bss.xBlockAllocatedBit
                0x1ffff920        0x4 ./Generated_Code/heap_4.o
 .bss.DeviceDataPrv__DEFAULT_RTOS_ALLOC
                0x1ffff924        0x4 ./Generated_Code/Test.o
 .bss.DeviceDataPrv__DEFAULT_RTOS_ALLOC
                0x1ffff928        0x8 ./Generated_Code/TU1.o
 .bss.DeviceDataPrv__DEFAULT_RTOS_ALLOC
                0x1ffff930        0xc ./Generated_Code/PwmLdd1.o
 .bss.PE_LDD_DeviceDataList
                0x1ffff93c       0x10 ./Generated_Code/PE_LDD.o
                0x1ffff93c                PE_LDD_DeviceDataList
 .bss.DeviceDataPrv__DEFAULT_RTOS_ALLOC
                0x1ffff94c        0x4 ./Generated_Code/DIR.o
 .bss.argv      0x1ffff950        0x4 ./Project_Settings/Startup_Code/__arm_start.o
 .bss.__stdio_exit
                0x1ffff954        0x4 C:/Users/Martina M/Documents/HSLU_PREN Projekt Beispiele/Freescale/CW MCU v10.6/MCU/ARM_GCC_Support/ewl/lib/armv6-m\libc.a(exit.o)
                0x1ffff954                __stdio_exit
 .bss.__console_exit
                0x1ffff958        0x4 C:/Users/Martina M/Documents/HSLU_PREN Projekt Beispiele/Freescale/CW MCU v10.6/MCU/ARM_GCC_Support/ewl/lib/armv6-m\libc.a(exit.o)
                0x1ffff958                __console_exit
 .bss.__S_romp  0x1ffff95c        0xc C:/Users/Martina M/Documents/HSLU_PREN Projekt Beispiele/Freescale/CW MCU v10.6/MCU/ARM_GCC_Support/ewl/lib/armv6-m\librt.a(ROMCopy.o)
 .bss.__global_destructor_chain
                0x1ffff968        0x4 C:/Users/Martina M/Documents/HSLU_PREN Projekt Beispiele/Freescale/CW MCU v10.6/MCU/ARM_GCC_Support/ewl/lib/armv6-m\librt.a(__arm_eabi_init.o)
                0x1ffff968                __global_destructor_chain
 *(COMMON)
                0x1ffff96c                . = ALIGN (0x4)
                0x1ffff96c                __END_BSS = .
                0x1ffff96c                PROVIDE (__bss_end__, __END_BSS)
                0x00002aa8                _romp_at = (___ROM_AT + SIZEOF (.data))

.romp           0x1ffff96c       0x18 load address 0x00002aa8
                0x00002aa8                __S_romp = _romp_at
                0x1ffff96c        0x4 LONG 0x2a9c ___ROM_AT
                0x1ffff970        0x4 LONG 0x1ffff000 _sdata
                0x1ffff974        0x4 LONG 0xc ___data_size
                0x1ffff978        0x4 LONG 0x0
                0x1ffff97c        0x4 LONG 0x0
                0x1ffff980        0x4 LONG 0x0

._user_heap_stack
                0x1ffff984      0x400 load address 0x00002ac0
                0x1ffff984                . = ALIGN (0x4)
                0x1ffff984                PROVIDE (end, .)
                0x1ffff984                PROVIDE (_end, .)
                0x1ffff984                __heap_addr = .
                0x1ffff984                . = (. + __heap_size)
                0x1ffffd84                . = (. + __stack_size)
 *fill*         0x1ffff984      0x400 00
                0x1ffffd84                . = ALIGN (0x4)

.ARM.attributes
                0x00000000       0x2f
 *(.ARM.attributes)
 .ARM.attributes
                0x00000000       0x31 ./Generated_Code/tasks.o
 .ARM.attributes
                0x00000031       0x31 ./Generated_Code/port.o
 .ARM.attributes
                0x00000062       0x31 ./Generated_Code/list.o
 .ARM.attributes
                0x00000093       0x31 ./Generated_Code/heap_4.o
 .ARM.attributes
                0x000000c4       0x31 ./Generated_Code/WAIT1.o
 .ARM.attributes
                0x000000f5       0x31 ./Generated_Code/Vectors.o
 .ARM.attributes
                0x00000126       0x31 ./Generated_Code/Test.o
 .ARM.attributes
                0x00000157       0x31 ./Generated_Code/TU1.o
 .ARM.attributes
                0x00000188       0x31 ./Generated_Code/PwmLdd1.o
 .ARM.attributes
                0x000001b9       0x31 ./Generated_Code/PE_LDD.o
 .ARM.attributes
                0x000001ea       0x31 ./Generated_Code/DIR.o
 .ARM.attributes
                0x0000021b       0x31 ./Generated_Code/Cpu.o
 .ARM.attributes
                0x0000024c       0x31 ./Project_Settings/Startup_Code/__arm_start.o
 .ARM.attributes
                0x0000027d       0x31 ./Project_Settings/Startup_Code/__arm_end.o
 .ARM.attributes
                0x000002ae       0x31 ./Sources/main.o
 .ARM.attributes
                0x000002df       0x31 ./Sources/TestFreeRTOS.o
 .ARM.attributes
                0x00000310       0x31 ./Sources/Events.o
 .ARM.attributes
                0x00000341       0x31 C:/Users/Martina M/Documents/HSLU_PREN Projekt Beispiele/Freescale/CW MCU v10.6/MCU/ARM_GCC_Support/ewl/lib/armv6-m\libc.a(exit.o)
 .ARM.attributes
                0x00000372       0x31 C:/Users/Martina M/Documents/HSLU_PREN Projekt Beispiele/Freescale/CW MCU v10.6/MCU/ARM_GCC_Support/ewl/lib/armv6-m\libc.a(memcpy.o)
 .ARM.attributes
                0x000003a3       0x31 C:/Users/Martina M/Documents/HSLU_PREN Projekt Beispiele/Freescale/CW MCU v10.6/MCU/ARM_GCC_Support/ewl/lib/armv6-m\libc.a(memset.o)
 .ARM.attributes
                0x000003d4       0x31 C:/Users/Martina M/Documents/HSLU_PREN Projekt Beispiele/Freescale/CW MCU v10.6/MCU/ARM_GCC_Support/ewl/lib/armv6-m\libc.a(strchr.o)
 .ARM.attributes
                0x00000405       0x31 C:/Users/Martina M/Documents/HSLU_PREN Projekt Beispiele/Freescale/CW MCU v10.6/MCU/ARM_GCC_Support/ewl/lib/armv6-m\libc.a(strlen.o)
 .ARM.attributes
                0x00000436       0x31 C:/Users/Martina M/Documents/HSLU_PREN Projekt Beispiele/Freescale/CW MCU v10.6/MCU/ARM_GCC_Support/ewl/lib/armv6-m\libc.a(printformat_.o)
 .ARM.attributes
                0x00000467       0x31 C:/Users/Martina M/Documents/HSLU_PREN Projekt Beispiele/Freescale/CW MCU v10.6/MCU/ARM_GCC_Support/ewl/lib/armv6-m\libc.a(scanformat_.o)
 .ARM.attributes
                0x00000498       0x31 C:/Users/Martina M/Documents/HSLU_PREN Projekt Beispiele/Freescale/CW MCU v10.6/MCU/ARM_GCC_Support/ewl/lib/armv6-m\libc.a(ctype_aeabi.o)
 .ARM.attributes
                0x000004c9       0x31 C:/Users/Martina M/Documents/HSLU_PREN Projekt Beispiele/Freescale/CW MCU v10.6/MCU/ARM_GCC_Support/ewl/lib/armv6-m\libc.a(__strtoul.o)
 .ARM.attributes
                0x000004fa       0x31 C:/Users/Martina M/Documents/HSLU_PREN Projekt Beispiele/Freescale/CW MCU v10.6/MCU/ARM_GCC_Support/ewl/lib/armv6-m\libc.a(__filll_mem.o)
 .ARM.attributes
                0x0000052b       0x31 C:/Users/Martina M/Documents/HSLU_PREN Projekt Beispiele/Freescale/CW MCU v10.6/MCU/ARM_GCC_Support/ewl/lib/armv6-m\libc.a(memchr.o)
 .ARM.attributes
                0x0000055c       0x1e c:/users/martina m/documents/hslu_pren projekt beispiele/freescale/cw mcu v10.6/cross_tools/arm-none-eabi-gcc-4_7_3/bin/../lib/gcc/arm-none-eabi/4.7.3/armv6-m\libgcc.a(_thumb1_case_sqi.o)
 .ARM.attributes
                0x0000057a       0x1e c:/users/martina m/documents/hslu_pren projekt beispiele/freescale/cw mcu v10.6/cross_tools/arm-none-eabi-gcc-4_7_3/bin/../lib/gcc/arm-none-eabi/4.7.3/armv6-m\libgcc.a(_thumb1_case_uqi.o)
 .ARM.attributes
                0x00000598       0x1e c:/users/martina m/documents/hslu_pren projekt beispiele/freescale/cw mcu v10.6/cross_tools/arm-none-eabi-gcc-4_7_3/bin/../lib/gcc/arm-none-eabi/4.7.3/armv6-m\libgcc.a(_udivsi3.o)
 .ARM.attributes
                0x000005b6       0x1e c:/users/martina m/documents/hslu_pren projekt beispiele/freescale/cw mcu v10.6/cross_tools/arm-none-eabi-gcc-4_7_3/bin/../lib/gcc/arm-none-eabi/4.7.3/armv6-m\libgcc.a(_dvmd_tls.o)
 .ARM.attributes
                0x000005d4       0x31 C:/Users/Martina M/Documents/HSLU_PREN Projekt Beispiele/Freescale/CW MCU v10.6/MCU/ARM_GCC_Support/ewl/lib/armv6-m\librt.a(gcc_ctor_dtor.o)
 .ARM.attributes
                0x00000605       0x31 C:/Users/Martina M/Documents/HSLU_PREN Projekt Beispiele/Freescale/CW MCU v10.6/MCU/ARM_GCC_Support/ewl/lib/armv6-m\librt.a(ROMCopy.o)
 .ARM.attributes
                0x00000636       0x31 C:/Users/Martina M/Documents/HSLU_PREN Projekt Beispiele/Freescale/CW MCU v10.6/MCU/ARM_GCC_Support/ewl/lib/armv6-m\librt.a(__arm_eabi_init.o)
OUTPUT(Pitt_ET.elf elf32-littlearm)

.debug_info     0x00000000     0x5cd3
 .debug_info    0x00000000     0x1536 ./Generated_Code/tasks.o
 .debug_info    0x00001536      0x2c8 ./Generated_Code/port.o
 .debug_info    0x000017fe      0x2bf ./Generated_Code/list.o
 .debug_info    0x00001abd      0x314 ./Generated_Code/heap_4.o
 .debug_info    0x00001dd1      0x13c ./Generated_Code/WAIT1.o
 .debug_info    0x00001f0d      0x10b ./Generated_Code/Vectors.o
 .debug_info    0x00002018      0x3a0 ./Generated_Code/Test.o
 .debug_info    0x000023b8      0x6f8 ./Generated_Code/TU1.o
 .debug_info    0x00002ab0      0x2d3 ./Generated_Code/PwmLdd1.o
 .debug_info    0x00002d83      0x255 ./Generated_Code/PE_LDD.o
 .debug_info    0x00002fd8      0x3a0 ./Generated_Code/DIR.o
 .debug_info    0x00003378      0x8e8 ./Generated_Code/Cpu.o
 .debug_info    0x00003c60      0x12a ./Project_Settings/Startup_Code/__arm_start.o
 .debug_info    0x00003d8a       0x54 ./Project_Settings/Startup_Code/__arm_end.o
 .debug_info    0x00003dde       0xb9 ./Sources/main.o
 .debug_info    0x00003e97      0x10a ./Sources/TestFreeRTOS.o
 .debug_info    0x00003fa1      0x11a ./Sources/Events.o
 .debug_info    0x000040bb       0xe8 C:/Users/Martina M/Documents/HSLU_PREN Projekt Beispiele/Freescale/CW MCU v10.6/MCU/ARM_GCC_Support/ewl/lib/armv6-m\libc.a(exit.o)
 .debug_info    0x000041a3      0x10f C:/Users/Martina M/Documents/HSLU_PREN Projekt Beispiele/Freescale/CW MCU v10.6/MCU/ARM_GCC_Support/ewl/lib/armv6-m\libc.a(memcpy.o)
 .debug_info    0x000042b2       0xec C:/Users/Martina M/Documents/HSLU_PREN Projekt Beispiele/Freescale/CW MCU v10.6/MCU/ARM_GCC_Support/ewl/lib/armv6-m\libc.a(memset.o)
 .debug_info    0x0000439e      0x10b C:/Users/Martina M/Documents/HSLU_PREN Projekt Beispiele/Freescale/CW MCU v10.6/MCU/ARM_GCC_Support/ewl/lib/armv6-m\libc.a(strchr.o)
 .debug_info    0x000044a9       0xea C:/Users/Martina M/Documents/HSLU_PREN Projekt Beispiele/Freescale/CW MCU v10.6/MCU/ARM_GCC_Support/ewl/lib/armv6-m\libc.a(strlen.o)
 .debug_info    0x00004593      0x50d C:/Users/Martina M/Documents/HSLU_PREN Projekt Beispiele/Freescale/CW MCU v10.6/MCU/ARM_GCC_Support/ewl/lib/armv6-m\libc.a(printformat_.o)
 .debug_info    0x00004aa0      0x568 C:/Users/Martina M/Documents/HSLU_PREN Projekt Beispiele/Freescale/CW MCU v10.6/MCU/ARM_GCC_Support/ewl/lib/armv6-m\libc.a(scanformat_.o)
 .debug_info    0x00005008      0x313 C:/Users/Martina M/Documents/HSLU_PREN Projekt Beispiele/Freescale/CW MCU v10.6/MCU/ARM_GCC_Support/ewl/lib/armv6-m\libc.a(ctype_aeabi.o)
 .debug_info    0x0000531b      0x1d6 C:/Users/Martina M/Documents/HSLU_PREN Projekt Beispiele/Freescale/CW MCU v10.6/MCU/ARM_GCC_Support/ewl/lib/armv6-m\libc.a(__strtoul.o)
 .debug_info    0x000054f1      0x137 C:/Users/Martina M/Documents/HSLU_PREN Projekt Beispiele/Freescale/CW MCU v10.6/MCU/ARM_GCC_Support/ewl/lib/armv6-m\libc.a(__filll_mem.o)
 .debug_info    0x00005628      0x121 C:/Users/Martina M/Documents/HSLU_PREN Projekt Beispiele/Freescale/CW MCU v10.6/MCU/ARM_GCC_Support/ewl/lib/armv6-m\libc.a(memchr.o)
 .debug_info    0x00005749      0x136 C:/Users/Martina M/Documents/HSLU_PREN Projekt Beispiele/Freescale/CW MCU v10.6/MCU/ARM_GCC_Support/ewl/lib/armv6-m\librt.a(gcc_ctor_dtor.o)
 .debug_info    0x0000587f      0x19b C:/Users/Martina M/Documents/HSLU_PREN Projekt Beispiele/Freescale/CW MCU v10.6/MCU/ARM_GCC_Support/ewl/lib/armv6-m\librt.a(ROMCopy.o)
 .debug_info    0x00005a1a      0x2b9 C:/Users/Martina M/Documents/HSLU_PREN Projekt Beispiele/Freescale/CW MCU v10.6/MCU/ARM_GCC_Support/ewl/lib/armv6-m\librt.a(__arm_eabi_init.o)

.debug_abbrev   0x00000000     0x1be2
 .debug_abbrev  0x00000000      0x1d2 ./Generated_Code/tasks.o
 .debug_abbrev  0x000001d2      0x12c ./Generated_Code/port.o
 .debug_abbrev  0x000002fe       0xb6 ./Generated_Code/list.o
 .debug_abbrev  0x000003b4      0x168 ./Generated_Code/heap_4.o
 .debug_abbrev  0x0000051c       0xa3 ./Generated_Code/WAIT1.o
 .debug_abbrev  0x000005bf       0xa3 ./Generated_Code/Vectors.o
 .debug_abbrev  0x00000662      0x12b ./Generated_Code/Test.o
 .debug_abbrev  0x0000078d      0x17e ./Generated_Code/TU1.o
 .debug_abbrev  0x0000090b      0x114 ./Generated_Code/PwmLdd1.o
 .debug_abbrev  0x00000a1f      0x102 ./Generated_Code/PE_LDD.o
 .debug_abbrev  0x00000b21      0x12b ./Generated_Code/DIR.o
 .debug_abbrev  0x00000c4c      0x122 ./Generated_Code/Cpu.o
 .debug_abbrev  0x00000d6e       0x92 ./Project_Settings/Startup_Code/__arm_start.o
 .debug_abbrev  0x00000e00       0x4c ./Project_Settings/Startup_Code/__arm_end.o
 .debug_abbrev  0x00000e4c       0x53 ./Sources/main.o
 .debug_abbrev  0x00000e9f       0x95 ./Sources/TestFreeRTOS.o
 .debug_abbrev  0x00000f34       0x80 ./Sources/Events.o
 .debug_abbrev  0x00000fb4       0x7a C:/Users/Martina M/Documents/HSLU_PREN Projekt Beispiele/Freescale/CW MCU v10.6/MCU/ARM_GCC_Support/ewl/lib/armv6-m\libc.a(exit.o)
 .debug_abbrev  0x0000102e       0x95 C:/Users/Martina M/Documents/HSLU_PREN Projekt Beispiele/Freescale/CW MCU v10.6/MCU/ARM_GCC_Support/ewl/lib/armv6-m\libc.a(memcpy.o)
 .debug_abbrev  0x000010c3       0x62 C:/Users/Martina M/Documents/HSLU_PREN Projekt Beispiele/Freescale/CW MCU v10.6/MCU/ARM_GCC_Support/ewl/lib/armv6-m\libc.a(memset.o)
 .debug_abbrev  0x00001125       0x7a C:/Users/Martina M/Documents/HSLU_PREN Projekt Beispiele/Freescale/CW MCU v10.6/MCU/ARM_GCC_Support/ewl/lib/armv6-m\libc.a(strchr.o)
 .debug_abbrev  0x0000119f       0x7a C:/Users/Martina M/Documents/HSLU_PREN Projekt Beispiele/Freescale/CW MCU v10.6/MCU/ARM_GCC_Support/ewl/lib/armv6-m\libc.a(strlen.o)
 .debug_abbrev  0x00001219      0x200 C:/Users/Martina M/Documents/HSLU_PREN Projekt Beispiele/Freescale/CW MCU v10.6/MCU/ARM_GCC_Support/ewl/lib/armv6-m\libc.a(printformat_.o)
 .debug_abbrev  0x00001419      0x1f0 C:/Users/Martina M/Documents/HSLU_PREN Projekt Beispiele/Freescale/CW MCU v10.6/MCU/ARM_GCC_Support/ewl/lib/armv6-m\libc.a(scanformat_.o)
 .debug_abbrev  0x00001609       0x9e C:/Users/Martina M/Documents/HSLU_PREN Projekt Beispiele/Freescale/CW MCU v10.6/MCU/ARM_GCC_Support/ewl/lib/armv6-m\libc.a(ctype_aeabi.o)
 .debug_abbrev  0x000016a7       0xc2 C:/Users/Martina M/Documents/HSLU_PREN Projekt Beispiele/Freescale/CW MCU v10.6/MCU/ARM_GCC_Support/ewl/lib/armv6-m\libc.a(__strtoul.o)
 .debug_abbrev  0x00001769       0x78 C:/Users/Martina M/Documents/HSLU_PREN Projekt Beispiele/Freescale/CW MCU v10.6/MCU/ARM_GCC_Support/ewl/lib/armv6-m\libc.a(__filll_mem.o)
 .debug_abbrev  0x000017e1       0x95 C:/Users/Martina M/Documents/HSLU_PREN Projekt Beispiele/Freescale/CW MCU v10.6/MCU/ARM_GCC_Support/ewl/lib/armv6-m\libc.a(memchr.o)
 .debug_abbrev  0x00001876       0x99 C:/Users/Martina M/Documents/HSLU_PREN Projekt Beispiele/Freescale/CW MCU v10.6/MCU/ARM_GCC_Support/ewl/lib/armv6-m\librt.a(gcc_ctor_dtor.o)
 .debug_abbrev  0x0000190f      0x120 C:/Users/Martina M/Documents/HSLU_PREN Projekt Beispiele/Freescale/CW MCU v10.6/MCU/ARM_GCC_Support/ewl/lib/armv6-m\librt.a(ROMCopy.o)
 .debug_abbrev  0x00001a2f      0x1b3 C:/Users/Martina M/Documents/HSLU_PREN Projekt Beispiele/Freescale/CW MCU v10.6/MCU/ARM_GCC_Support/ewl/lib/armv6-m\librt.a(__arm_eabi_init.o)

.debug_loc      0x00000000     0x3f28
 .debug_loc     0x00000000      0xae1 ./Generated_Code/tasks.o
 .debug_loc     0x00000ae1      0x260 ./Generated_Code/port.o
 .debug_loc     0x00000d41      0x118 ./Generated_Code/list.o
 .debug_loc     0x00000e59      0x164 ./Generated_Code/heap_4.o
 .debug_loc     0x00000fbd       0xa8 ./Generated_Code/WAIT1.o
 .debug_loc     0x00001065      0x118 ./Generated_Code/Test.o
 .debug_loc     0x0000117d      0x150 ./Generated_Code/TU1.o
 .debug_loc     0x000012cd      0x118 ./Generated_Code/PwmLdd1.o
 .debug_loc     0x000013e5       0x9c ./Generated_Code/PE_LDD.o
 .debug_loc     0x00001481      0x118 ./Generated_Code/DIR.o
 .debug_loc     0x00001599       0xb0 ./Generated_Code/Cpu.o
 .debug_loc     0x00001649       0x2c ./Project_Settings/Startup_Code/__arm_start.o
 .debug_loc     0x00001675       0x38 ./Project_Settings/Startup_Code/__arm_end.o
 .debug_loc     0x000016ad       0x38 ./Sources/main.o
 .debug_loc     0x000016e5       0x70 ./Sources/TestFreeRTOS.o
 .debug_loc     0x00001755       0xe8 ./Sources/Events.o
 .debug_loc     0x0000183d       0x3e C:/Users/Martina M/Documents/HSLU_PREN Projekt Beispiele/Freescale/CW MCU v10.6/MCU/ARM_GCC_Support/ewl/lib/armv6-m\libc.a(exit.o)
 .debug_loc     0x0000187b       0x59 C:/Users/Martina M/Documents/HSLU_PREN Projekt Beispiele/Freescale/CW MCU v10.6/MCU/ARM_GCC_Support/ewl/lib/armv6-m\libc.a(memcpy.o)
 .debug_loc     0x000018d4       0x6f C:/Users/Martina M/Documents/HSLU_PREN Projekt Beispiele/Freescale/CW MCU v10.6/MCU/ARM_GCC_Support/ewl/lib/armv6-m\libc.a(memset.o)
 .debug_loc     0x00001943       0xaf C:/Users/Martina M/Documents/HSLU_PREN Projekt Beispiele/Freescale/CW MCU v10.6/MCU/ARM_GCC_Support/ewl/lib/armv6-m\libc.a(strchr.o)
 .debug_loc     0x000019f2       0x33 C:/Users/Martina M/Documents/HSLU_PREN Projekt Beispiele/Freescale/CW MCU v10.6/MCU/ARM_GCC_Support/ewl/lib/armv6-m\libc.a(strlen.o)
 .debug_loc     0x00001a25     0x104b C:/Users/Martina M/Documents/HSLU_PREN Projekt Beispiele/Freescale/CW MCU v10.6/MCU/ARM_GCC_Support/ewl/lib/armv6-m\libc.a(printformat_.o)
 .debug_loc     0x00002a70      0x9d8 C:/Users/Martina M/Documents/HSLU_PREN Projekt Beispiele/Freescale/CW MCU v10.6/MCU/ARM_GCC_Support/ewl/lib/armv6-m\libc.a(scanformat_.o)
 .debug_loc     0x00003448      0x30d C:/Users/Martina M/Documents/HSLU_PREN Projekt Beispiele/Freescale/CW MCU v10.6/MCU/ARM_GCC_Support/ewl/lib/armv6-m\libc.a(ctype_aeabi.o)
 .debug_loc     0x00003755      0x305 C:/Users/Martina M/Documents/HSLU_PREN Projekt Beispiele/Freescale/CW MCU v10.6/MCU/ARM_GCC_Support/ewl/lib/armv6-m\libc.a(__strtoul.o)
 .debug_loc     0x00003a5a      0x14a C:/Users/Martina M/Documents/HSLU_PREN Projekt Beispiele/Freescale/CW MCU v10.6/MCU/ARM_GCC_Support/ewl/lib/armv6-m\libc.a(__filll_mem.o)
 .debug_loc     0x00003ba4       0x77 C:/Users/Martina M/Documents/HSLU_PREN Projekt Beispiele/Freescale/CW MCU v10.6/MCU/ARM_GCC_Support/ewl/lib/armv6-m\libc.a(memchr.o)
 .debug_loc     0x00003c1b       0x9d C:/Users/Martina M/Documents/HSLU_PREN Projekt Beispiele/Freescale/CW MCU v10.6/MCU/ARM_GCC_Support/ewl/lib/armv6-m\librt.a(gcc_ctor_dtor.o)
 .debug_loc     0x00003cb8       0xd9 C:/Users/Martina M/Documents/HSLU_PREN Projekt Beispiele/Freescale/CW MCU v10.6/MCU/ARM_GCC_Support/ewl/lib/armv6-m\librt.a(ROMCopy.o)
 .debug_loc     0x00003d91      0x197 C:/Users/Martina M/Documents/HSLU_PREN Projekt Beispiele/Freescale/CW MCU v10.6/MCU/ARM_GCC_Support/ewl/lib/armv6-m\librt.a(__arm_eabi_init.o)

.debug_aranges  0x00000000      0x7f0
 .debug_aranges
                0x00000000      0x1b0 ./Generated_Code/tasks.o
 .debug_aranges
                0x000001b0       0x90 ./Generated_Code/port.o
 .debug_aranges
                0x00000240       0x40 ./Generated_Code/list.o
 .debug_aranges
                0x00000280       0x50 ./Generated_Code/heap_4.o
 .debug_aranges
                0x000002d0       0x40 ./Generated_Code/WAIT1.o
 .debug_aranges
                0x00000310       0x18 ./Generated_Code/Vectors.o
 .debug_aranges
                0x00000328       0x40 ./Generated_Code/Test.o
 .debug_aranges
                0x00000368       0x48 ./Generated_Code/TU1.o
 .debug_aranges
                0x000003b0       0x40 ./Generated_Code/PwmLdd1.o
 .debug_aranges
                0x000003f0       0x30 ./Generated_Code/PE_LDD.o
 .debug_aranges
                0x00000420       0x40 ./Generated_Code/DIR.o
 .debug_aranges
                0x00000460       0x38 ./Generated_Code/Cpu.o
 .debug_aranges
                0x00000498       0x30 ./Project_Settings/Startup_Code/__arm_start.o
 .debug_aranges
                0x000004c8       0x20 ./Project_Settings/Startup_Code/__arm_end.o
 .debug_aranges
                0x000004e8       0x20 ./Sources/main.o
 .debug_aranges
                0x00000508       0x28 ./Sources/TestFreeRTOS.o
 .debug_aranges
                0x00000530       0x40 ./Sources/Events.o
 .debug_aranges
                0x00000570       0x20 C:/Users/Martina M/Documents/HSLU_PREN Projekt Beispiele/Freescale/CW MCU v10.6/MCU/ARM_GCC_Support/ewl/lib/armv6-m\libc.a(exit.o)
 .debug_aranges
                0x00000590       0x20 C:/Users/Martina M/Documents/HSLU_PREN Projekt Beispiele/Freescale/CW MCU v10.6/MCU/ARM_GCC_Support/ewl/lib/armv6-m\libc.a(memcpy.o)
 .debug_aranges
                0x000005b0       0x20 C:/Users/Martina M/Documents/HSLU_PREN Projekt Beispiele/Freescale/CW MCU v10.6/MCU/ARM_GCC_Support/ewl/lib/armv6-m\libc.a(memset.o)
 .debug_aranges
                0x000005d0       0x20 C:/Users/Martina M/Documents/HSLU_PREN Projekt Beispiele/Freescale/CW MCU v10.6/MCU/ARM_GCC_Support/ewl/lib/armv6-m\libc.a(strchr.o)
 .debug_aranges
                0x000005f0       0x20 C:/Users/Martina M/Documents/HSLU_PREN Projekt Beispiele/Freescale/CW MCU v10.6/MCU/ARM_GCC_Support/ewl/lib/armv6-m\libc.a(strlen.o)
 .debug_aranges
                0x00000610       0x28 C:/Users/Martina M/Documents/HSLU_PREN Projekt Beispiele/Freescale/CW MCU v10.6/MCU/ARM_GCC_Support/ewl/lib/armv6-m\libc.a(printformat_.o)
 .debug_aranges
                0x00000638       0x20 C:/Users/Martina M/Documents/HSLU_PREN Projekt Beispiele/Freescale/CW MCU v10.6/MCU/ARM_GCC_Support/ewl/lib/armv6-m\libc.a(scanformat_.o)
 .debug_aranges
                0x00000658       0x88 C:/Users/Martina M/Documents/HSLU_PREN Projekt Beispiele/Freescale/CW MCU v10.6/MCU/ARM_GCC_Support/ewl/lib/armv6-m\libc.a(ctype_aeabi.o)
 .debug_aranges
                0x000006e0       0x20 C:/Users/Martina M/Documents/HSLU_PREN Projekt Beispiele/Freescale/CW MCU v10.6/MCU/ARM_GCC_Support/ewl/lib/armv6-m\libc.a(__strtoul.o)
 .debug_aranges
                0x00000700       0x20 C:/Users/Martina M/Documents/HSLU_PREN Projekt Beispiele/Freescale/CW MCU v10.6/MCU/ARM_GCC_Support/ewl/lib/armv6-m\libc.a(__filll_mem.o)
 .debug_aranges
                0x00000720       0x20 C:/Users/Martina M/Documents/HSLU_PREN Projekt Beispiele/Freescale/CW MCU v10.6/MCU/ARM_GCC_Support/ewl/lib/armv6-m\libc.a(memchr.o)
 .debug_aranges
                0x00000740       0x28 C:/Users/Martina M/Documents/HSLU_PREN Projekt Beispiele/Freescale/CW MCU v10.6/MCU/ARM_GCC_Support/ewl/lib/armv6-m\librt.a(gcc_ctor_dtor.o)
 .debug_aranges
                0x00000768       0x30 C:/Users/Martina M/Documents/HSLU_PREN Projekt Beispiele/Freescale/CW MCU v10.6/MCU/ARM_GCC_Support/ewl/lib/armv6-m\librt.a(ROMCopy.o)
 .debug_aranges
                0x00000798       0x58 C:/Users/Martina M/Documents/HSLU_PREN Projekt Beispiele/Freescale/CW MCU v10.6/MCU/ARM_GCC_Support/ewl/lib/armv6-m\librt.a(__arm_eabi_init.o)

.debug_macinfo  0x00000000   0x2b8f89
 .debug_macinfo
                0x00000000    0x101d6 ./Generated_Code/tasks.o
 .debug_macinfo
                0x000101d6    0x32b15 ./Generated_Code/port.o
 .debug_macinfo
                0x00042ceb     0xeae2 ./Generated_Code/list.o
 .debug_macinfo
                0x000517cd     0xf17f ./Generated_Code/heap_4.o
 .debug_macinfo
                0x0006094c    0x325f3 ./Generated_Code/WAIT1.o
 .debug_macinfo
                0x00092f3f    0x39a54 ./Generated_Code/Vectors.o
 .debug_macinfo
                0x000cc993    0x32341 ./Generated_Code/Test.o
 .debug_macinfo
                0x000fecd4    0x335bb ./Generated_Code/TU1.o
 .debug_macinfo
                0x0013228f    0x336e5 ./Generated_Code/PwmLdd1.o
 .debug_macinfo
                0x00165974    0x39a1b ./Generated_Code/PE_LDD.o
 .debug_macinfo
                0x0019f38f    0x32335 ./Generated_Code/DIR.o
 .debug_macinfo
                0x001d16c4    0x39a4f ./Generated_Code/Cpu.o
 .debug_macinfo
                0x0020b113     0x3e6d ./Project_Settings/Startup_Code/__arm_start.o
 .debug_macinfo
                0x0020ef80     0x3456 ./Project_Settings/Startup_Code/__arm_end.o
 .debug_macinfo
                0x002123d6    0x39a73 ./Sources/main.o
 .debug_macinfo
                0x0024be49    0x336fc ./Sources/TestFreeRTOS.o
 .debug_macinfo
                0x0027f545    0x39a44 ./Sources/Events.o

.debug_line     0x00000000     0x63e5
 .debug_line    0x00000000      0xa61 ./Generated_Code/tasks.o
 .debug_line    0x00000a61      0x4d8 ./Generated_Code/port.o
 .debug_line    0x00000f39      0x358 ./Generated_Code/list.o
 .debug_line    0x00001291      0x3de ./Generated_Code/heap_4.o
 .debug_line    0x0000166f      0x408 ./Generated_Code/WAIT1.o
 .debug_line    0x00001a77      0x63f ./Generated_Code/Vectors.o
 .debug_line    0x000020b6      0x466 ./Generated_Code/Test.o
 .debug_line    0x0000251c      0x4b6 ./Generated_Code/TU1.o
 .debug_line    0x000029d2      0x48a ./Generated_Code/PwmLdd1.o
 .debug_line    0x00002e5c      0x530 ./Generated_Code/PE_LDD.o
 .debug_line    0x0000338c      0x464 ./Generated_Code/DIR.o
 .debug_line    0x000037f0      0x6a6 ./Generated_Code/Cpu.o
 .debug_line    0x00003e96      0x32b ./Project_Settings/Startup_Code/__arm_start.o
 .debug_line    0x000041c1      0x33e ./Project_Settings/Startup_Code/__arm_end.o
 .debug_line    0x000044ff      0x591 ./Sources/main.o
 .debug_line    0x00004a90      0x4da ./Sources/TestFreeRTOS.o
 .debug_line    0x00004f6a      0x59f ./Sources/Events.o
 .debug_line    0x00005509       0x8d C:/Users/Martina M/Documents/HSLU_PREN Projekt Beispiele/Freescale/CW MCU v10.6/MCU/ARM_GCC_Support/ewl/lib/armv6-m\libc.a(exit.o)
 .debug_line    0x00005596       0x8b C:/Users/Martina M/Documents/HSLU_PREN Projekt Beispiele/Freescale/CW MCU v10.6/MCU/ARM_GCC_Support/ewl/lib/armv6-m\libc.a(memcpy.o)
 .debug_line    0x00005621       0x90 C:/Users/Martina M/Documents/HSLU_PREN Projekt Beispiele/Freescale/CW MCU v10.6/MCU/ARM_GCC_Support/ewl/lib/armv6-m\libc.a(memset.o)
 .debug_line    0x000056b1       0x7d C:/Users/Martina M/Documents/HSLU_PREN Projekt Beispiele/Freescale/CW MCU v10.6/MCU/ARM_GCC_Support/ewl/lib/armv6-m\libc.a(strchr.o)
 .debug_line    0x0000572e       0x85 C:/Users/Martina M/Documents/HSLU_PREN Projekt Beispiele/Freescale/CW MCU v10.6/MCU/ARM_GCC_Support/ewl/lib/armv6-m\libc.a(strlen.o)
 .debug_line    0x000057b3      0x2c3 C:/Users/Martina M/Documents/HSLU_PREN Projekt Beispiele/Freescale/CW MCU v10.6/MCU/ARM_GCC_Support/ewl/lib/armv6-m\libc.a(printformat_.o)
 .debug_line    0x00005a76      0x2be C:/Users/Martina M/Documents/HSLU_PREN Projekt Beispiele/Freescale/CW MCU v10.6/MCU/ARM_GCC_Support/ewl/lib/armv6-m\libc.a(scanformat_.o)
 .debug_line    0x00005d34      0x1be C:/Users/Martina M/Documents/HSLU_PREN Projekt Beispiele/Freescale/CW MCU v10.6/MCU/ARM_GCC_Support/ewl/lib/armv6-m\libc.a(ctype_aeabi.o)
 .debug_line    0x00005ef2      0x11e C:/Users/Martina M/Documents/HSLU_PREN Projekt Beispiele/Freescale/CW MCU v10.6/MCU/ARM_GCC_Support/ewl/lib/armv6-m\libc.a(__strtoul.o)
 .debug_line    0x00006010       0xf6 C:/Users/Martina M/Documents/HSLU_PREN Projekt Beispiele/Freescale/CW MCU v10.6/MCU/ARM_GCC_Support/ewl/lib/armv6-m\libc.a(__filll_mem.o)
 .debug_line    0x00006106       0x9f C:/Users/Martina M/Documents/HSLU_PREN Projekt Beispiele/Freescale/CW MCU v10.6/MCU/ARM_GCC_Support/ewl/lib/armv6-m\libc.a(memchr.o)
 .debug_line    0x000061a5       0x6c C:/Users/Martina M/Documents/HSLU_PREN Projekt Beispiele/Freescale/CW MCU v10.6/MCU/ARM_GCC_Support/ewl/lib/armv6-m\librt.a(gcc_ctor_dtor.o)
 .debug_line    0x00006211       0xbd C:/Users/Martina M/Documents/HSLU_PREN Projekt Beispiele/Freescale/CW MCU v10.6/MCU/ARM_GCC_Support/ewl/lib/armv6-m\librt.a(ROMCopy.o)
 .debug_line    0x000062ce      0x117 C:/Users/Martina M/Documents/HSLU_PREN Projekt Beispiele/Freescale/CW MCU v10.6/MCU/ARM_GCC_Support/ewl/lib/armv6-m\librt.a(__arm_eabi_init.o)

.debug_str      0x00000000     0x23ca
 .debug_str     0x00000000      0xcea ./Generated_Code/tasks.o
                                0xd89 (size before relaxing)
 .debug_str     0x00000cea      0x178 ./Generated_Code/port.o
                                0x307 (size before relaxing)
 .debug_str     0x00000e62       0xa6 ./Generated_Code/list.o
                                0x2a0 (size before relaxing)
 .debug_str     0x00000f08      0x1e5 ./Generated_Code/heap_4.o
                                0x34b (size before relaxing)
 .debug_str     0x000010ed       0x84 ./Generated_Code/WAIT1.o
                                0x1d5 (size before relaxing)
 .debug_str     0x00001171       0x55 ./Generated_Code/Vectors.o
                                0x19d (size before relaxing)
 .debug_str     0x000011c6      0x168 ./Generated_Code/Test.o
                                0x2e1 (size before relaxing)
 .debug_str     0x0000132e      0x26e ./Generated_Code/TU1.o
                                0x482 (size before relaxing)
 .debug_str     0x0000159c       0xca ./Generated_Code/PwmLdd1.o
                                0x2b4 (size before relaxing)
 .debug_str     0x00001666      0x172 ./Generated_Code/PE_LDD.o
                                0x300 (size before relaxing)
 .debug_str     0x000017d8       0x70 ./Generated_Code/DIR.o
                                0x2d9 (size before relaxing)
 .debug_str     0x00001848      0x1bb ./Generated_Code/Cpu.o
                                0x44c (size before relaxing)
 .debug_str     0x00001a03       0x85 ./Project_Settings/Startup_Code/__arm_start.o
                                0x1be (size before relaxing)
 .debug_str     0x00001a88       0x41 ./Project_Settings/Startup_Code/__arm_end.o
                                 0xf5 (size before relaxing)
 .debug_str     0x00001ac9       0x17 ./Sources/main.o
                                0x17a (size before relaxing)
 .debug_str     0x00001ae0       0x2b ./Sources/TestFreeRTOS.o
                                0x19d (size before relaxing)
 .debug_str     0x00001b0b       0x4d ./Sources/Events.o
                                0x200 (size before relaxing)
 .debug_str     0x00001b58       0x54 C:/Users/Martina M/Documents/HSLU_PREN Projekt Beispiele/Freescale/CW MCU v10.6/MCU/ARM_GCC_Support/ewl/lib/armv6-m\libc.a(exit.o)
                                0x157 (size before relaxing)
 .debug_str     0x00001bac       0x1c C:/Users/Martina M/Documents/HSLU_PREN Projekt Beispiele/Freescale/CW MCU v10.6/MCU/ARM_GCC_Support/ewl/lib/armv6-m\libc.a(memcpy.o)
                                0x138 (size before relaxing)
 .debug_str     0x00001bc8       0x1c C:/Users/Martina M/Documents/HSLU_PREN Projekt Beispiele/Freescale/CW MCU v10.6/MCU/ARM_GCC_Support/ewl/lib/armv6-m\libc.a(memset.o)
                                0x140 (size before relaxing)
 .debug_str     0x00001be4       0x1c C:/Users/Martina M/Documents/HSLU_PREN Projekt Beispiele/Freescale/CW MCU v10.6/MCU/ARM_GCC_Support/ewl/lib/armv6-m\libc.a(strchr.o)
                                0x137 (size before relaxing)
 .debug_str     0x00001c00       0x24 C:/Users/Martina M/Documents/HSLU_PREN Projekt Beispiele/Freescale/CW MCU v10.6/MCU/ARM_GCC_Support/ewl/lib/armv6-m\libc.a(strlen.o)
                                0x140 (size before relaxing)
 .debug_str     0x00001c24      0x233 C:/Users/Martina M/Documents/HSLU_PREN Projekt Beispiele/Freescale/CW MCU v10.6/MCU/ARM_GCC_Support/ewl/lib/armv6-m\libc.a(printformat_.o)
                                0x3b3 (size before relaxing)
 .debug_str     0x00001e57      0x184 C:/Users/Martina M/Documents/HSLU_PREN Projekt Beispiele/Freescale/CW MCU v10.6/MCU/ARM_GCC_Support/ewl/lib/armv6-m\libc.a(scanformat_.o)
                                0x3f9 (size before relaxing)
 .debug_str     0x00001fdb       0x9d C:/Users/Martina M/Documents/HSLU_PREN Projekt Beispiele/Freescale/CW MCU v10.6/MCU/ARM_GCC_Support/ewl/lib/armv6-m\libc.a(ctype_aeabi.o)
                                0x1bc (size before relaxing)
 .debug_str     0x00002078       0x61 C:/Users/Martina M/Documents/HSLU_PREN Projekt Beispiele/Freescale/CW MCU v10.6/MCU/ARM_GCC_Support/ewl/lib/armv6-m\libc.a(__strtoul.o)
                                0x1fb (size before relaxing)
 .debug_str     0x000020d9       0x25 C:/Users/Martina M/Documents/HSLU_PREN Projekt Beispiele/Freescale/CW MCU v10.6/MCU/ARM_GCC_Support/ewl/lib/armv6-m\libc.a(__filll_mem.o)
                                0x152 (size before relaxing)
 .debug_str     0x000020fe       0x1c C:/Users/Martina M/Documents/HSLU_PREN Projekt Beispiele/Freescale/CW MCU v10.6/MCU/ARM_GCC_Support/ewl/lib/armv6-m\libc.a(memchr.o)
                                0x148 (size before relaxing)
 .debug_str     0x0000211a      0x126 C:/Users/Martina M/Documents/HSLU_PREN Projekt Beispiele/Freescale/CW MCU v10.6/MCU/ARM_GCC_Support/ewl/lib/armv6-m\librt.a(gcc_ctor_dtor.o)
                                0x181 (size before relaxing)
 .debug_str     0x00002240       0x9c C:/Users/Martina M/Documents/HSLU_PREN Projekt Beispiele/Freescale/CW MCU v10.6/MCU/ARM_GCC_Support/ewl/lib/armv6-m\librt.a(ROMCopy.o)
                                0x13c (size before relaxing)
 .debug_str     0x000022dc       0xee C:/Users/Martina M/Documents/HSLU_PREN Projekt Beispiele/Freescale/CW MCU v10.6/MCU/ARM_GCC_Support/ewl/lib/armv6-m\librt.a(__arm_eabi_init.o)
                                0x1b5 (size before relaxing)

.comment        0x00000000       0x79
 .comment       0x00000000       0x79 ./Generated_Code/tasks.o
                                 0x7a (size before relaxing)
 .comment       0x00000000       0x7a ./Generated_Code/port.o
 .comment       0x00000000       0x7a ./Generated_Code/list.o
 .comment       0x00000000       0x7a ./Generated_Code/heap_4.o
 .comment       0x00000000       0x7a ./Generated_Code/WAIT1.o
 .comment       0x00000000       0x7a ./Generated_Code/Vectors.o
 .comment       0x00000000       0x7a ./Generated_Code/Test.o
 .comment       0x00000000       0x7a ./Generated_Code/TU1.o
 .comment       0x00000000       0x7a ./Generated_Code/PwmLdd1.o
 .comment       0x00000000       0x7a ./Generated_Code/PE_LDD.o
 .comment       0x00000000       0x7a ./Generated_Code/DIR.o
 .comment       0x00000000       0x7a ./Generated_Code/Cpu.o
 .comment       0x00000000       0x7a ./Project_Settings/Startup_Code/__arm_start.o
 .comment       0x00000000       0x7a ./Project_Settings/Startup_Code/__arm_end.o
 .comment       0x00000000       0x7a ./Sources/main.o
 .comment       0x00000000       0x7a ./Sources/TestFreeRTOS.o
 .comment       0x00000000       0x7a ./Sources/Events.o
 .comment       0x00000000       0x7a C:/Users/Martina M/Documents/HSLU_PREN Projekt Beispiele/Freescale/CW MCU v10.6/MCU/ARM_GCC_Support/ewl/lib/armv6-m\libc.a(exit.o)
 .comment       0x00000000       0x7a C:/Users/Martina M/Documents/HSLU_PREN Projekt Beispiele/Freescale/CW MCU v10.6/MCU/ARM_GCC_Support/ewl/lib/armv6-m\libc.a(memcpy.o)
 .comment       0x00000000       0x7a C:/Users/Martina M/Documents/HSLU_PREN Projekt Beispiele/Freescale/CW MCU v10.6/MCU/ARM_GCC_Support/ewl/lib/armv6-m\libc.a(memset.o)
 .comment       0x00000000       0x7a C:/Users/Martina M/Documents/HSLU_PREN Projekt Beispiele/Freescale/CW MCU v10.6/MCU/ARM_GCC_Support/ewl/lib/armv6-m\libc.a(strchr.o)
 .comment       0x00000000       0x7a C:/Users/Martina M/Documents/HSLU_PREN Projekt Beispiele/Freescale/CW MCU v10.6/MCU/ARM_GCC_Support/ewl/lib/armv6-m\libc.a(strlen.o)
 .comment       0x00000000       0x7a C:/Users/Martina M/Documents/HSLU_PREN Projekt Beispiele/Freescale/CW MCU v10.6/MCU/ARM_GCC_Support/ewl/lib/armv6-m\libc.a(printformat_.o)
 .comment       0x00000000       0x7a C:/Users/Martina M/Documents/HSLU_PREN Projekt Beispiele/Freescale/CW MCU v10.6/MCU/ARM_GCC_Support/ewl/lib/armv6-m\libc.a(scanformat_.o)
 .comment       0x00000000       0x7a C:/Users/Martina M/Documents/HSLU_PREN Projekt Beispiele/Freescale/CW MCU v10.6/MCU/ARM_GCC_Support/ewl/lib/armv6-m\libc.a(ctype_aeabi.o)
 .comment       0x00000000       0x7a C:/Users/Martina M/Documents/HSLU_PREN Projekt Beispiele/Freescale/CW MCU v10.6/MCU/ARM_GCC_Support/ewl/lib/armv6-m\libc.a(__strtoul.o)
 .comment       0x00000000       0x7a C:/Users/Martina M/Documents/HSLU_PREN Projekt Beispiele/Freescale/CW MCU v10.6/MCU/ARM_GCC_Support/ewl/lib/armv6-m\libc.a(__filll_mem.o)
 .comment       0x00000000       0x7a C:/Users/Martina M/Documents/HSLU_PREN Projekt Beispiele/Freescale/CW MCU v10.6/MCU/ARM_GCC_Support/ewl/lib/armv6-m\libc.a(memchr.o)
 .comment       0x00000000       0x7a C:/Users/Martina M/Documents/HSLU_PREN Projekt Beispiele/Freescale/CW MCU v10.6/MCU/ARM_GCC_Support/ewl/lib/armv6-m\librt.a(gcc_ctor_dtor.o)
 .comment       0x00000000       0x7a C:/Users/Martina M/Documents/HSLU_PREN Projekt Beispiele/Freescale/CW MCU v10.6/MCU/ARM_GCC_Support/ewl/lib/armv6-m\librt.a(ROMCopy.o)
 .comment       0x00000000       0x7a C:/Users/Martina M/Documents/HSLU_PREN Projekt Beispiele/Freescale/CW MCU v10.6/MCU/ARM_GCC_Support/ewl/lib/armv6-m\librt.a(__arm_eabi_init.o)

.debug_frame    0x00000000     0x142c
 .debug_frame   0x00000000      0x658 ./Generated_Code/tasks.o
 .debug_frame   0x00000658      0x1a8 ./Generated_Code/port.o
 .debug_frame   0x00000800       0xb0 ./Generated_Code/list.o
 .debug_frame   0x000008b0       0xe4 ./Generated_Code/heap_4.o
 .debug_frame   0x00000994       0x90 ./Generated_Code/WAIT1.o
 .debug_frame   0x00000a24       0xb0 ./Generated_Code/Test.o
 .debug_frame   0x00000ad4       0xd0 ./Generated_Code/TU1.o
 .debug_frame   0x00000ba4       0xb0 ./Generated_Code/PwmLdd1.o
 .debug_frame   0x00000c54       0x6c ./Generated_Code/PE_LDD.o
 .debug_frame   0x00000cc0       0xb0 ./Generated_Code/DIR.o
 .debug_frame   0x00000d70       0x80 ./Generated_Code/Cpu.o
 .debug_frame   0x00000df0       0x4c ./Project_Settings/Startup_Code/__arm_start.o
 .debug_frame   0x00000e3c       0x30 ./Project_Settings/Startup_Code/__arm_end.o
 .debug_frame   0x00000e6c       0x30 ./Sources/main.o
 .debug_frame   0x00000e9c       0x50 ./Sources/TestFreeRTOS.o
 .debug_frame   0x00000eec       0xa0 ./Sources/Events.o
 .debug_frame   0x00000f8c       0x2c C:/Users/Martina M/Documents/HSLU_PREN Projekt Beispiele/Freescale/CW MCU v10.6/MCU/ARM_GCC_Support/ewl/lib/armv6-m\libc.a(exit.o)
 .debug_frame   0x00000fb8       0x28 C:/Users/Martina M/Documents/HSLU_PREN Projekt Beispiele/Freescale/CW MCU v10.6/MCU/ARM_GCC_Support/ewl/lib/armv6-m\libc.a(memcpy.o)
 .debug_frame   0x00000fe0       0x28 C:/Users/Martina M/Documents/HSLU_PREN Projekt Beispiele/Freescale/CW MCU v10.6/MCU/ARM_GCC_Support/ewl/lib/armv6-m\libc.a(memset.o)
 .debug_frame   0x00001008       0x28 C:/Users/Martina M/Documents/HSLU_PREN Projekt Beispiele/Freescale/CW MCU v10.6/MCU/ARM_GCC_Support/ewl/lib/armv6-m\libc.a(strchr.o)
 .debug_frame   0x00001030       0x28 C:/Users/Martina M/Documents/HSLU_PREN Projekt Beispiele/Freescale/CW MCU v10.6/MCU/ARM_GCC_Support/ewl/lib/armv6-m\libc.a(strlen.o)
 .debug_frame   0x00001058       0x54 C:/Users/Martina M/Documents/HSLU_PREN Projekt Beispiele/Freescale/CW MCU v10.6/MCU/ARM_GCC_Support/ewl/lib/armv6-m\libc.a(printformat_.o)
 .debug_frame   0x000010ac       0x34 C:/Users/Martina M/Documents/HSLU_PREN Projekt Beispiele/Freescale/CW MCU v10.6/MCU/ARM_GCC_Support/ewl/lib/armv6-m\libc.a(scanformat_.o)
 .debug_frame   0x000010e0      0x158 C:/Users/Martina M/Documents/HSLU_PREN Projekt Beispiele/Freescale/CW MCU v10.6/MCU/ARM_GCC_Support/ewl/lib/armv6-m\libc.a(ctype_aeabi.o)
 .debug_frame   0x00001238       0x30 C:/Users/Martina M/Documents/HSLU_PREN Projekt Beispiele/Freescale/CW MCU v10.6/MCU/ARM_GCC_Support/ewl/lib/armv6-m\libc.a(__strtoul.o)
 .debug_frame   0x00001268       0x2c C:/Users/Martina M/Documents/HSLU_PREN Projekt Beispiele/Freescale/CW MCU v10.6/MCU/ARM_GCC_Support/ewl/lib/armv6-m\libc.a(__filll_mem.o)
 .debug_frame   0x00001294       0x28 C:/Users/Martina M/Documents/HSLU_PREN Projekt Beispiele/Freescale/CW MCU v10.6/MCU/ARM_GCC_Support/ewl/lib/armv6-m\libc.a(memchr.o)
 .debug_frame   0x000012bc       0x20 c:/users/martina m/documents/hslu_pren projekt beispiele/freescale/cw mcu v10.6/cross_tools/arm-none-eabi-gcc-4_7_3/bin/../lib/gcc/arm-none-eabi/4.7.3/armv6-m\libgcc.a(_udivsi3.o)
 .debug_frame   0x000012dc       0x40 C:/Users/Martina M/Documents/HSLU_PREN Projekt Beispiele/Freescale/CW MCU v10.6/MCU/ARM_GCC_Support/ewl/lib/armv6-m\librt.a(gcc_ctor_dtor.o)
 .debug_frame   0x0000131c       0x54 C:/Users/Martina M/Documents/HSLU_PREN Projekt Beispiele/Freescale/CW MCU v10.6/MCU/ARM_GCC_Support/ewl/lib/armv6-m\librt.a(ROMCopy.o)
 .debug_frame   0x00001370       0xbc C:/Users/Martina M/Documents/HSLU_PREN Projekt Beispiele/Freescale/CW MCU v10.6/MCU/ARM_GCC_Support/ewl/lib/armv6-m\librt.a(__arm_eabi_init.o)
